2026-10-05 21:13:16,200 INFO === Run: today=2026-10-05  signal_date=2026-10-02 ===
2026-10-05 21:13:16,201 INFO Fetching historical price data...
2026-10-05 21:13:22,113 ERROR HTTP Error 404: {"quoteSummary":{"result":null,"error":{"code":"Not Found","description":"Quote not found for symbol: CCRN"}}}
2026-10-05 21:13:22,306 ERROR $CCRN: possibly delisted; no timezone found
2026-10-05 21:13:22,596 ERROR HTTP Error 404: {"quoteSummary":{"result":null,"error":{"code":"Not Found","description":"Quote not found for symbol: CCRN"}}}
2026-10-05 21:13:22,641 ERROR $CCRN: possibly delisted; no timezone found
2026-10-05 21:13:22,641 ERROR 
1 Failed download:
2026-10-05 21:13:22,641 ERROR ['CCRN']: possibly delisted; no timezone found
2026-10-05 21:13:25,139 INFO Using signal bar: 2026-10-02
2026-10-05 21:13:25,140 INFO Fetching today's opens for 34 tickers...
2026-10-05 21:13:25,974 INFO Got opens for 34 tickers.
2026-10-05 21:13:25,974 INFO --- Processing 1 pending entries ---
2026-10-05 21:13:25,974 INFO FILLED  AGEN  : 106.4966 sh @ $8.36  cost=$890.93  slip=$0.67
2026-10-05 21:13:25,974 INFO --- Checking exits for 4 open positions ---
2026-10-05 21:13:25,974 WARNING No H/L for CCRN on 2026-10-02 — skipping exit check
2026-10-05 21:13:25,974 INFO HOLD    TTGT: close=3.57  entry=3.74  peak=3.82  stop=3.52  tp=4.30
2026-10-05 21:13:25,975 INFO TRAIL   POWI: low=53.03 <= trail=53.63 (peak=55.86)
2026-10-05 21:13:25,975 INFO HOLD    AGEN: just entered today
2026-10-05 21:13:25,975 INFO CLOSED  POWI   [trailing_stop]: 17.2397 sh @ $53.59  P&L=$+32.35 (+3.63%)  entry=$51.71
2026-10-05 21:13:25,975 INFO --- Generating signals for 2026-10-02 ---
2026-10-05 21:13:27,292 INFO --- Signal evaluation: 34 candidates ---
2026-10-05 21:13:27,293 INFO EVAL-FAIL MYGN: rank=1.000  reason=[above_5ma=+0.062 | vol_ratio=1.05<1.2]
2026-10-05 21:13:27,293 INFO EVAL-FAIL SJT: rank=0.971  reason=[above_5ma=+0.014 | vol_ratio=0.64<1.2]
2026-10-05 21:13:27,293 INFO EVAL-FAIL ANGI: rank=0.941  reason=[above_5ma=+0.045 | vol_ratio=0.75<1.2]
2026-10-05 21:13:27,293 INFO EVAL-FAIL EGHT: rank=0.912  reason=[above_5ma=+0.014 | vol_ratio=0.59<1.2]
2026-10-05 21:13:27,293 INFO EVAL-FAIL POWI: rank=0.882  reason=[above_5ma=+0.045 | vol_ratio=1.16<1.2]
2026-10-05 21:13:27,293 INFO EVAL-FAIL AGEN: rank=0.853  reason=[vol_ratio=0.93<1.2]
2026-10-05 21:13:27,293 INFO EVAL-FAIL NVAX: rank=0.824  reason=[vol_ratio=0.78<1.2]
2026-10-05 21:13:27,293 INFO EVAL-FAIL YEXT: rank=0.794  reason=[above_5ma=+0.001 | vol_ratio=0.57<1.2]
2026-10-05 21:13:27,293 INFO EVAL-FAIL HLIO: rank=0.765  reason=[above_5ma=+0.036]
2026-10-05 21:13:27,293 INFO EVAL-FAIL INVA: rank=0.735  reason=[vol_ratio=0.74<1.2]
2026-10-05 21:13:27,293 INFO EVAL-FAIL FATE: rank=0.706  reason=[vol_ratio=0.44<1.2]
2026-10-05 21:13:27,293 INFO EVAL-FAIL SM: rank=0.676  reason=[momentum_rank=0.676<0.7 | above_5ma=+0.032 | vol_ratio=0.49<1.2]
2026-10-05 21:13:27,294 INFO EVAL-FAIL TTGT: rank=0.647  reason=[momentum_rank=0.647<0.7 | vol_ratio=1.15<1.2]
2026-10-05 21:13:27,294 INFO EVAL-FAIL KELYA: rank=0.618  reason=[momentum_rank=0.618<0.7 | vol_ratio=0.78<1.2]
2026-10-05 21:13:27,294 INFO EVAL-FAIL DIN: rank=0.588  reason=[momentum_rank=0.588<0.7 | above_5ma=+0.045]
2026-10-05 21:13:27,294 INFO EVAL-FAIL TBI: rank=0.559  reason=[momentum_rank=0.559<0.7 | vol_ratio=0.48<1.2]
2026-10-05 21:13:27,294 INFO EVAL-FAIL CATO: rank=0.529  reason=[momentum_rank=0.529<0.7 | vol_ratio=0.68<1.2]
2026-10-05 21:13:27,294 INFO EVAL-FAIL VET: rank=0.500  reason=[momentum_rank=0.500<0.7 | above_5ma=+0.016 | vol_ratio=0.85<1.2]
2026-10-05 21:13:27,294 INFO EVAL-FAIL AMPY: rank=0.471  reason=[momentum_rank=0.471<0.7 | above_5ma=+0.024 | vol_ratio=0.67<1.2]
2026-10-05 21:13:27,294 INFO EVAL-FAIL WHD: rank=0.441  reason=[momentum_rank=0.441<0.7 | above_5ma=+0.004 | vol_ratio=0.65<1.2]
2026-10-05 21:13:27,294 INFO EVAL-FAIL BMBL: rank=0.412  reason=[momentum_rank=0.412<0.7 | vol_ratio=0.65<1.2]
2026-10-05 21:13:27,294 INFO EVAL-FAIL REI: rank=0.382  reason=[momentum_rank=0.382<0.7 | above_5ma=+0.002 | vol_ratio=0.32<1.2]
2026-10-05 21:13:27,294 INFO EVAL-FAIL DRVN: rank=0.353  reason=[momentum_rank=0.353<0.7 | vol_ratio=0.75<1.2]
2026-10-05 21:13:27,294 INFO EVAL-FAIL GPOR: rank=0.324  reason=[momentum_rank=0.324<0.7 | above_5ma=+0.013 | vol_ratio=0.78<1.2]
2026-10-05 21:13:27,294 INFO EVAL-FAIL IRWD: rank=0.294  reason=[momentum_rank=0.294<0.7]
2026-10-05 21:13:27,294 INFO EVAL-FAIL PRAX: rank=0.265  reason=[momentum_rank=0.265<0.7 | above_5ma=+0.026 | vol_ratio=1.00<1.2]
2026-10-05 21:13:27,294 INFO EVAL-FAIL RMNI: rank=0.235  reason=[momentum_rank=0.235<0.7 | above_5ma=+0.002]
2026-10-05 21:13:27,294 INFO EVAL-FAIL JACK: rank=0.206  reason=[momentum_rank=0.206<0.7 | vol_ratio=0.90<1.2]
2026-10-05 21:13:27,294 INFO EVAL-FAIL PTLO: rank=0.176  reason=[momentum_rank=0.176<0.7 | vol_ratio=1.13<1.2]
2026-10-05 21:13:27,294 INFO EVAL-FAIL NCNO: rank=0.147  reason=[momentum_rank=0.147<0.7 | above_5ma=+0.007 | vol_ratio=0.76<1.2]
2026-10-05 21:13:27,294 INFO EVAL-FAIL PLAY: rank=0.118  reason=[momentum_rank=0.118<0.7 | above_5ma=+0.040 | vol_ratio=0.61<1.2]
2026-10-05 21:13:27,294 INFO EVAL-FAIL ACAD: rank=0.088  reason=[momentum_rank=0.088<0.7 | vol_ratio=1.11<1.2]
2026-10-05 21:13:27,295 INFO EVAL-FAIL GSHD: rank=0.059  reason=[momentum_rank=0.059<0.7 | above_5ma=+0.005 | vol_ratio=0.57<1.2]
2026-10-05 21:13:27,295 INFO EVAL-FAIL LESL: rank=0.029  reason=[momentum_rank=0.029<0.7 | vol_ratio=0.95<1.2]
2026-10-05 21:13:27,295 INFO --- 0 signals fired ---
2026-10-05 21:13:27,296 INFO 
--------------------------------------------------------------
  DATE         : 2026-10-05
  CASH         : $    7,163.10
  POSITION VAL : $    1,740.74
  EQUITY       : $    8,903.85
  OPEN POS     : 3 held  |  0 pending
  DAILY P&L    : $      +32.35
  TOTAL P&L    : $       +2.53  (-10.96%)
  TRADES TODAY : 2
--------------------------------------------------------------
