2026-09-16 17:42:34,520 INFO === Run: today=2026-09-16  signal_date=2026-09-15 ===
2026-09-16 17:42:34,520 INFO Fetching historical price data...
2026-09-16 17:42:36,163 ERROR $CCRN: possibly delisted; no price data found  (1d 2025-09-16 -> 2026-09-16)
2026-09-16 17:42:36,164 ERROR $CCRN: possibly delisted; no price data found  (1d 2025-09-16 -> 2026-09-16)
2026-09-16 17:42:36,164 ERROR 
1 Failed download:
2026-09-16 17:42:36,164 ERROR ['CCRN']: possibly delisted; no price data found  (1d 2025-09-16 -> 2026-09-16)
2026-09-16 17:42:37,760 INFO Using signal bar: 2026-09-15
2026-09-16 17:42:37,760 INFO Fetching today's opens for 35 tickers...
2026-09-16 17:42:38,439 INFO Got opens for 35 tickers.
2026-09-16 17:42:38,439 INFO --- Processing 1 pending entries ---
2026-09-16 17:42:38,439 INFO FILLED  GPOR  : 5.2776 sh @ $173.40  cost=$916.05  slip=$0.69
2026-09-16 17:42:38,439 INFO --- Checking exits for 3 open positions ---
2026-09-16 17:42:38,439 WARNING No H/L for CCRN on 2026-09-15 — skipping exit check
2026-09-16 17:42:38,439 INFO HOLD    REI: close=1.56  entry=1.53  peak=1.58  stop=1.44  tp=1.76
2026-09-16 17:42:38,439 INFO HOLD    GPOR: just entered today
2026-09-16 17:42:38,439 INFO --- Generating signals for 2026-09-15 ---
2026-09-16 17:42:40,916 INFO --- Signal evaluation: 35 candidates ---
2026-09-16 17:42:40,916 INFO EVAL-FAIL MYGN: rank=1.000  reason=[above_5ma=+0.100]
2026-09-16 17:42:40,916 INFO EVAL-FAIL SM: rank=0.971  reason=[above_5ma=+0.061]
2026-09-16 17:42:40,916 INFO EVAL-FAIL BMBL: rank=0.943  reason=[above_5ma=+0.014 | vol_ratio=1.17<1.2]
2026-09-16 17:42:40,916 INFO EVAL-FAIL NVAX: rank=0.914  reason=[vol_ratio=0.58<1.2]
2026-09-16 17:42:40,916 INFO EVAL-FAIL VET: rank=0.886  reason=[above_5ma=+0.014]
2026-09-16 17:42:40,916 INFO EVAL-FAIL ANGI: rank=0.857  reason=[above_5ma=+0.038 | vol_ratio=0.75<1.2]
2026-09-16 17:42:40,917 INFO EVAL-FAIL REI: rank=0.829  reason=[above_5ma=+0.021]
2026-09-16 17:42:40,917 INFO EVAL-FAIL YEXT: rank=0.800  reason=[above_5ma=+0.010 | vol_ratio=0.88<1.2]
2026-09-16 17:42:40,917 INFO EVAL-FAIL NCNO: rank=0.771  reason=[above_5ma=+0.010]
2026-09-16 17:42:40,917 INFO EVAL-PASS SJT: rank=0.743  vol_ratio=1.32  pct_from_5ma=-0.032
2026-09-16 17:42:40,917 INFO EVAL-FAIL TTGT: rank=0.714  reason=[above_5ma=+0.008 | vol_ratio=1.09<1.2]
2026-09-16 17:42:40,917 INFO EVAL-FAIL GPOR: rank=0.686  reason=[momentum_rank=0.686<0.7 | above_5ma=+0.006 | vol_ratio=1.20<1.2]
2026-09-16 17:42:40,917 INFO EVAL-FAIL DOMO: rank=0.657  reason=[momentum_rank=0.657<0.7 | above_5ma=+0.019 | vol_ratio=0.91<1.2]
2026-09-16 17:42:40,917 INFO EVAL-FAIL KELYA: rank=0.629  reason=[momentum_rank=0.629<0.7 | above_5ma=+0.022 | vol_ratio=0.76<1.2]
2026-09-16 17:42:40,917 INFO EVAL-FAIL AMPY: rank=0.600  reason=[momentum_rank=0.600<0.7 | above_5ma=+0.004 | vol_ratio=0.89<1.2]
2026-09-16 17:42:40,917 INFO EVAL-FAIL AGEN: rank=0.571  reason=[momentum_rank=0.571<0.7 | above_5ma=+0.023 | vol_ratio=0.77<1.2]
2026-09-16 17:42:40,918 INFO EVAL-FAIL INVA: rank=0.543  reason=[momentum_rank=0.543<0.7 | above_5ma=+0.001]
2026-09-16 17:42:40,918 INFO EVAL-FAIL DRVN: rank=0.514  reason=[momentum_rank=0.514<0.7 | above_5ma=+0.010 | vol_ratio=1.00<1.2]
2026-09-16 17:42:40,918 INFO EVAL-FAIL WHD: rank=0.486  reason=[momentum_rank=0.486<0.7 | above_5ma=+0.013]
2026-09-16 17:42:40,918 INFO EVAL-FAIL IRWD: rank=0.457  reason=[momentum_rank=0.457<0.7 | vol_ratio=0.76<1.2]
2026-09-16 17:42:40,918 INFO EVAL-FAIL ACAD: rank=0.429  reason=[momentum_rank=0.429<0.7 | vol_ratio=0.79<1.2]
2026-09-16 17:42:40,918 INFO EVAL-FAIL RMNI: rank=0.400  reason=[momentum_rank=0.400<0.7 | vol_ratio=0.63<1.2]
2026-09-16 17:42:40,918 INFO EVAL-FAIL GSHD: rank=0.371  reason=[momentum_rank=0.371<0.7 | above_5ma=+0.026 | vol_ratio=0.80<1.2]
2026-09-16 17:42:40,918 INFO EVAL-FAIL TBI: rank=0.343  reason=[momentum_rank=0.343<0.7 | vol_ratio=0.88<1.2]
2026-09-16 17:42:40,918 INFO EVAL-FAIL EGHT: rank=0.314  reason=[momentum_rank=0.314<0.7 | above_5ma=+0.003 | vol_ratio=0.54<1.2]
2026-09-16 17:42:40,918 INFO EVAL-FAIL FATE: rank=0.286  reason=[momentum_rank=0.286<0.7 | vol_ratio=0.75<1.2]
2026-09-16 17:42:40,918 INFO EVAL-FAIL PRAX: rank=0.257  reason=[momentum_rank=0.257<0.7 | vol_ratio=0.67<1.2]
2026-09-16 17:42:40,919 INFO EVAL-FAIL HLIO: rank=0.229  reason=[momentum_rank=0.229<0.7 | vol_ratio=1.13<1.2]
2026-09-16 17:42:40,919 INFO EVAL-FAIL JACK: rank=0.200  reason=[momentum_rank=0.200<0.7 | vol_ratio=1.19<1.2]
2026-09-16 17:42:40,919 INFO EVAL-FAIL POWI: rank=0.171  reason=[momentum_rank=0.171<0.7 | vol_ratio=0.94<1.2]
2026-09-16 17:42:40,919 INFO EVAL-FAIL PTLO: rank=0.143  reason=[momentum_rank=0.143<0.7]
2026-09-16 17:42:40,919 INFO EVAL-FAIL DIN: rank=0.114  reason=[momentum_rank=0.114<0.7]
2026-09-16 17:42:40,919 INFO EVAL-FAIL CATO: rank=0.086  reason=[momentum_rank=0.086<0.7 | vol_ratio=0.13<1.2]
2026-09-16 17:42:40,919 INFO EVAL-FAIL LESL: rank=0.057  reason=[momentum_rank=0.057<0.7 | vol_ratio=0.70<1.2]
2026-09-16 17:42:40,919 INFO EVAL-FAIL PLAY: rank=0.029  reason=[momentum_rank=0.029<0.7]
2026-09-16 17:42:40,920 INFO --- 1 signals fired ---
2026-09-16 17:42:40,920 INFO QUEUED  SJT: rank=0.743  size=$918.77 → fill tomorrow at open
2026-09-16 17:42:40,921 INFO 
--------------------------------------------------------------
  DATE         : 2026-09-16
  CASH         : $    7,330.59
  POSITION VAL : $    1,857.16
  EQUITY       : $    9,187.75
  OPEN POS     : 3 held  |  1 pending
  DAILY P&L    : $       +0.00
  TOTAL P&L    : $     +198.82  (-8.12%)
  TRADES TODAY : 1
--------------------------------------------------------------
