2026-08-07 14:33:44,549 INFO === Run: today=2026-08-07  signal_date=2026-08-06 ===
2026-08-07 14:33:44,550 INFO Fetching historical price data...
2026-08-07 14:33:49,568 INFO Using signal bar: 2026-08-06
2026-08-07 14:33:49,568 INFO Fetching today's opens for 34 tickers...
2026-08-07 14:33:50,369 INFO Got opens for 34 tickers.
2026-08-07 14:33:50,369 INFO --- Processing 0 pending entries ---
2026-08-07 14:33:50,369 INFO --- Checking exits for 5 open positions ---
2026-08-07 14:33:50,369 WARNING No H/L for CCRN on 2026-08-06 — skipping exit check
2026-08-07 14:33:50,370 INFO STOP    VET: low=10.74 <= stop=10.87
2026-08-07 14:33:50,370 INFO TRAIL   KELYA: low=15.21 <= trail=17.04 (peak=17.75)
2026-08-07 14:33:50,370 INFO HOLD    RMNI: close=4.95  entry=4.75  peak=4.97  stop=4.47  tp=5.47
2026-08-07 14:33:50,370 INFO HOLD    TTGT: close=4.31  entry=4.40  peak=4.45  stop=4.14  tp=5.06
2026-08-07 14:33:50,370 INFO CLOSED  VET    [stop_loss]: 78.6749 sh @ $10.86  P&L=$-55.20 (-6.07%)  entry=$11.56
2026-08-07 14:33:50,370 INFO CLOSED  KELYA  [trailing_stop]: 60.7783 sh @ $17.03  P&L=$+123.74 (+13.58%)  entry=$14.99
2026-08-07 14:33:50,370 INFO --- Generating signals for 2026-08-06 ---
2026-08-07 14:33:52,741 INFO --- Signal evaluation: 34 candidates ---
2026-08-07 14:33:52,742 INFO EVAL-FAIL WHD: rank=1.000  reason=[above_5ma=+0.037]
2026-08-07 14:33:52,742 INFO EVAL-FAIL TBI: rank=0.971  reason=[above_5ma=+0.203]
2026-08-07 14:33:52,742 INFO EVAL-FAIL GSHD: rank=0.941  reason=[above_5ma=+0.011 | vol_ratio=0.55<1.2]
2026-08-07 14:33:52,742 INFO EVAL-FAIL KELYA: rank=0.912  reason=[above_5ma=+0.029]
2026-08-07 14:33:52,742 INFO EVAL-FAIL VET: rank=0.882  reason=[vol_ratio=0.62<1.2]
2026-08-07 14:33:52,742 INFO EVAL-FAIL JACK: rank=0.853  reason=[above_5ma=+0.005 | vol_ratio=0.93<1.2]
2026-08-07 14:33:52,742 INFO EVAL-FAIL TTGT: rank=0.824  reason=[vol_ratio=0.76<1.2]
2026-08-07 14:33:52,742 INFO EVAL-FAIL REI: rank=0.794  reason=[above_5ma=+0.021]
2026-08-07 14:33:52,743 INFO EVAL-FAIL NCNO: rank=0.765  reason=[vol_ratio=0.79<1.2]
2026-08-07 14:33:52,743 INFO EVAL-FAIL PRAX: rank=0.735  reason=[above_5ma=+0.148]
2026-08-07 14:33:52,743 INFO EVAL-FAIL EGHT: rank=0.706  reason=[above_5ma=+0.057]
2026-08-07 14:33:52,743 INFO EVAL-FAIL YEXT: rank=0.676  reason=[momentum_rank=0.676<0.7 | vol_ratio=0.68<1.2]
2026-08-07 14:33:52,743 INFO EVAL-FAIL ACAD: rank=0.647  reason=[momentum_rank=0.647<0.7 | above_5ma=+0.047]
2026-08-07 14:33:52,743 INFO EVAL-FAIL DOMO: rank=0.618  reason=[momentum_rank=0.618<0.7 | vol_ratio=0.17<1.2]
2026-08-07 14:33:52,743 INFO EVAL-FAIL RMNI: rank=0.588  reason=[momentum_rank=0.588<0.7 | above_5ma=+0.020]
2026-08-07 14:33:52,743 INFO EVAL-FAIL HLIO: rank=0.559  reason=[momentum_rank=0.559<0.7 | above_5ma=+0.018 | vol_ratio=0.94<1.2]
2026-08-07 14:33:52,743 INFO EVAL-FAIL SM: rank=0.529  reason=[momentum_rank=0.529<0.7]
2026-08-07 14:33:52,743 INFO EVAL-FAIL DIN: rank=0.500  reason=[momentum_rank=0.500<0.7 | vol_ratio=1.13<1.2]
2026-08-07 14:33:52,743 INFO EVAL-FAIL AMPY: rank=0.471  reason=[momentum_rank=0.471<0.7 | above_5ma=+0.027]
2026-08-07 14:33:52,744 INFO EVAL-FAIL GPOR: rank=0.441  reason=[momentum_rank=0.441<0.7 | vol_ratio=1.13<1.2]
2026-08-07 14:33:52,744 INFO EVAL-FAIL CATO: rank=0.412  reason=[momentum_rank=0.412<0.7 | vol_ratio=0.44<1.2]
2026-08-07 14:33:52,744 INFO EVAL-FAIL PLAY: rank=0.382  reason=[momentum_rank=0.382<0.7]
2026-08-07 14:33:52,744 INFO EVAL-FAIL PTLO: rank=0.353  reason=[momentum_rank=0.353<0.7]
2026-08-07 14:33:52,744 INFO EVAL-FAIL INVA: rank=0.324  reason=[momentum_rank=0.324<0.7 | above_5ma=+0.013]
2026-08-07 14:33:52,744 INFO EVAL-FAIL BMBL: rank=0.294  reason=[momentum_rank=0.294<0.7]
2026-08-07 14:33:52,744 INFO EVAL-FAIL IRWD: rank=0.265  reason=[momentum_rank=0.265<0.7]
2026-08-07 14:33:52,744 INFO EVAL-FAIL DRVN: rank=0.235  reason=[momentum_rank=0.235<0.7]
2026-08-07 14:33:52,744 INFO EVAL-FAIL SJT: rank=0.206  reason=[momentum_rank=0.206<0.7 | vol_ratio=0.43<1.2]
2026-08-07 14:33:52,744 INFO EVAL-FAIL POWI: rank=0.176  reason=[momentum_rank=0.176<0.7]
2026-08-07 14:33:52,745 INFO EVAL-FAIL NVAX: rank=0.147  reason=[momentum_rank=0.147<0.7 | above_5ma=+0.023]
2026-08-07 14:33:52,745 INFO EVAL-FAIL FATE: rank=0.118  reason=[momentum_rank=0.118<0.7 | vol_ratio=0.89<1.2]
2026-08-07 14:33:52,745 INFO EVAL-FAIL ANGI: rank=0.088  reason=[momentum_rank=0.088<0.7]
2026-08-07 14:33:52,745 INFO EVAL-FAIL MYGN: rank=0.059  reason=[momentum_rank=0.059<0.7 | above_5ma=+0.034 | vol_ratio=1.07<1.2]
2026-08-07 14:33:52,745 INFO EVAL-FAIL LESL: rank=0.029  reason=[momentum_rank=0.029<0.7 | above_5ma=+0.220 | vol_ratio=0.46<1.2]
2026-08-07 14:33:52,745 INFO --- 0 signals fired ---
2026-08-07 14:33:52,746 INFO 
--------------------------------------------------------------
  DATE         : 2026-08-07
  CASH         : $    7,379.23
  POSITION VAL : $    1,843.59
  EQUITY       : $    9,222.83
  OPEN POS     : 3 held  |  0 pending
  DAILY P&L    : $      +68.54
  TOTAL P&L    : $     +237.13  (-7.77%)
  TRADES TODAY : 2
--------------------------------------------------------------
