2026-09-03 17:08:22,504 INFO === Run: today=2026-09-03  signal_date=2026-09-02 ===
2026-09-03 17:08:22,504 INFO Fetching historical price data...
2026-09-03 17:08:32,184 INFO Using signal bar: 2026-09-02
2026-09-03 17:08:32,184 INFO Fetching today's opens for 35 tickers...
2026-09-03 17:08:33,770 INFO Got opens for 35 tickers.
2026-09-03 17:08:33,771 INFO --- Processing 1 pending entries ---
2026-09-03 17:08:33,771 INFO FILLED  YEXT  : 134.5740 sh @ $6.82  cost=$918.05  slip=$0.69
2026-09-03 17:08:33,771 INFO --- Checking exits for 2 open positions ---
2026-09-03 17:08:33,771 WARNING No H/L for CCRN on 2026-09-02 — skipping exit check
2026-09-03 17:08:33,771 INFO HOLD    YEXT: just entered today
2026-09-03 17:08:33,771 INFO --- Generating signals for 2026-09-02 ---
2026-09-03 17:08:35,085 INFO --- Signal evaluation: 35 candidates ---
2026-09-03 17:08:35,085 INFO EVAL-FAIL NVAX: rank=1.000  reason=[above_5ma=+0.072 | vol_ratio=1.09<1.2]
2026-09-03 17:08:35,085 INFO EVAL-FAIL SM: rank=0.971  reason=[above_5ma=+0.024 | vol_ratio=0.80<1.2]
2026-09-03 17:08:35,085 INFO EVAL-FAIL AMPY: rank=0.943  reason=[above_5ma=+0.025 | vol_ratio=0.72<1.2]
2026-09-03 17:08:35,086 INFO EVAL-FAIL VET: rank=0.914  reason=[above_5ma=+0.023 | vol_ratio=0.80<1.2]
2026-09-03 17:08:35,086 INFO EVAL-FAIL REI: rank=0.886  reason=[above_5ma=+0.015]
2026-09-03 17:08:35,086 INFO EVAL-FAIL NCNO: rank=0.857  reason=[above_5ma=+0.005 | vol_ratio=0.82<1.2]
2026-09-03 17:08:35,086 INFO EVAL-FAIL SJT: rank=0.829  reason=[above_5ma=+0.032 | vol_ratio=0.42<1.2]
2026-09-03 17:08:35,086 INFO EVAL-FAIL GPOR: rank=0.800  reason=[above_5ma=+0.008 | vol_ratio=0.64<1.2]
2026-09-03 17:08:35,086 INFO EVAL-PASS YEXT: rank=0.771  vol_ratio=2.41  pct_from_5ma=-0.023
2026-09-03 17:08:35,086 INFO EVAL-FAIL PRAX: rank=0.743  reason=[above_5ma=+0.008 | vol_ratio=0.67<1.2]
2026-09-03 17:08:35,086 INFO EVAL-FAIL WHD: rank=0.714  reason=[above_5ma=+0.028 | vol_ratio=0.98<1.2]
2026-09-03 17:08:35,086 INFO EVAL-FAIL KELYA: rank=0.686  reason=[momentum_rank=0.686<0.7 | vol_ratio=0.83<1.2]
2026-09-03 17:08:35,086 INFO EVAL-FAIL RMNI: rank=0.657  reason=[momentum_rank=0.657<0.7]
2026-09-03 17:08:35,086 INFO EVAL-FAIL IRWD: rank=0.629  reason=[momentum_rank=0.629<0.7 | above_5ma=+0.035]
2026-09-03 17:08:35,086 INFO EVAL-FAIL INVA: rank=0.600  reason=[momentum_rank=0.600<0.7 | above_5ma=+0.015 | vol_ratio=0.89<1.2]
2026-09-03 17:08:35,086 INFO EVAL-FAIL AGEN: rank=0.571  reason=[momentum_rank=0.571<0.7 | above_5ma=+0.033 | vol_ratio=0.57<1.2]
2026-09-03 17:08:35,086 INFO EVAL-FAIL ANGI: rank=0.543  reason=[momentum_rank=0.543<0.7 | above_5ma=+0.034]
2026-09-03 17:08:35,086 INFO EVAL-FAIL TBI: rank=0.514  reason=[momentum_rank=0.514<0.7]
2026-09-03 17:08:35,086 INFO EVAL-FAIL GSHD: rank=0.486  reason=[momentum_rank=0.486<0.7 | vol_ratio=0.65<1.2]
2026-09-03 17:08:35,086 INFO EVAL-FAIL MYGN: rank=0.457  reason=[momentum_rank=0.457<0.7 | above_5ma=+0.011 | vol_ratio=0.82<1.2]
2026-09-03 17:08:35,086 INFO EVAL-FAIL ACAD: rank=0.429  reason=[momentum_rank=0.429<0.7 | vol_ratio=1.01<1.2]
2026-09-03 17:08:35,086 INFO EVAL-FAIL DOMO: rank=0.400  reason=[momentum_rank=0.400<0.7 | vol_ratio=0.82<1.2]
2026-09-03 17:08:35,087 INFO EVAL-FAIL PTLO: rank=0.371  reason=[momentum_rank=0.371<0.7 | vol_ratio=0.72<1.2]
2026-09-03 17:08:35,087 INFO EVAL-FAIL FATE: rank=0.343  reason=[momentum_rank=0.343<0.7 | above_5ma=+0.001 | vol_ratio=0.73<1.2]
2026-09-03 17:08:35,087 INFO EVAL-FAIL BMBL: rank=0.314  reason=[momentum_rank=0.314<0.7 | above_5ma=+0.034 | vol_ratio=1.02<1.2]
2026-09-03 17:08:35,087 INFO EVAL-FAIL DIN: rank=0.286  reason=[momentum_rank=0.286<0.7 | vol_ratio=0.79<1.2]
2026-09-03 17:08:35,087 INFO EVAL-FAIL PLAY: rank=0.257  reason=[momentum_rank=0.257<0.7 | above_5ma=+0.030]
2026-09-03 17:08:35,087 INFO EVAL-FAIL DRVN: rank=0.229  reason=[momentum_rank=0.229<0.7 | above_5ma=+0.019]
2026-09-03 17:08:35,087 INFO EVAL-FAIL JACK: rank=0.200  reason=[momentum_rank=0.200<0.7 | vol_ratio=0.61<1.2]
2026-09-03 17:08:35,087 INFO EVAL-FAIL TTGT: rank=0.171  reason=[momentum_rank=0.171<0.7 | vol_ratio=1.17<1.2]
2026-09-03 17:08:35,087 INFO EVAL-FAIL HLIO: rank=0.143  reason=[momentum_rank=0.143<0.7 | vol_ratio=1.05<1.2]
2026-09-03 17:08:35,087 INFO EVAL-FAIL POWI: rank=0.114  reason=[momentum_rank=0.114<0.7]
2026-09-03 17:08:35,087 INFO EVAL-FAIL EGHT: rank=0.086  reason=[momentum_rank=0.086<0.7 | vol_ratio=0.80<1.2]
2026-09-03 17:08:35,087 INFO EVAL-FAIL CATO: rank=0.057  reason=[momentum_rank=0.057<0.7 | vol_ratio=0.13<1.2]
2026-09-03 17:08:35,087 INFO EVAL-FAIL LESL: rank=0.029  reason=[momentum_rank=0.029<0.7 | vol_ratio=0.20<1.2]
2026-09-03 17:08:35,087 INFO --- 1 signals fired ---
2026-09-03 17:08:35,088 INFO SKIP-SIG YEXT: already in position
2026-09-03 17:08:35,088 INFO 
--------------------------------------------------------------
  DATE         : 2026-09-03
  CASH         : $    8,253.31
  POSITION VAL : $      881.46
  EQUITY       : $    9,134.77
  OPEN POS     : 2 held  |  0 pending
  DAILY P&L    : $       +0.00
  TOTAL P&L    : $     +207.59  (-8.65%)
  TRADES TODAY : 1
--------------------------------------------------------------
