2026-08-10 14:38:41,679 INFO === Run: today=2026-08-10  signal_date=2026-08-07 ===
2026-08-10 14:38:41,679 INFO Fetching historical price data...
2026-08-10 14:38:46,507 INFO Using signal bar: 2026-08-07
2026-08-10 14:38:46,507 INFO Fetching today's opens for 34 tickers...
2026-08-10 14:38:47,374 INFO Got opens for 34 tickers.
2026-08-10 14:38:47,374 INFO --- Processing 0 pending entries ---
2026-08-10 14:38:47,374 INFO --- Checking exits for 3 open positions ---
2026-08-10 14:38:47,374 WARNING No H/L for CCRN on 2026-08-07 — skipping exit check
2026-08-10 14:38:47,374 INFO HOLD    RMNI: close=5.05  entry=4.75  peak=5.07  stop=4.47  tp=5.47
2026-08-10 14:38:47,374 INFO STOP    TTGT: low=3.40 <= stop=4.14
2026-08-10 14:38:47,374 INFO CLOSED  TTGT   [stop_loss]: 207.6094 sh @ $4.14  P&L=$-55.49 (-6.07%)  entry=$4.40
2026-08-10 14:38:47,374 INFO --- Generating signals for 2026-08-07 ---
2026-08-10 14:38:49,010 INFO --- Signal evaluation: 34 candidates ---
2026-08-10 14:38:49,010 INFO EVAL-FAIL WHD: rank=1.000  reason=[above_5ma=+0.018 | vol_ratio=0.75<1.2]
2026-08-10 14:38:49,010 INFO EVAL-FAIL TBI: rank=0.971  reason=[above_5ma=+0.120]
2026-08-10 14:38:49,010 INFO EVAL-FAIL GSHD: rank=0.941  reason=[vol_ratio=0.71<1.2]
2026-08-10 14:38:49,010 INFO EVAL-FAIL JACK: rank=0.912  reason=[above_5ma=+0.003 | vol_ratio=0.83<1.2]
2026-08-10 14:38:49,010 INFO EVAL-FAIL VET: rank=0.882  reason=[vol_ratio=0.87<1.2]
2026-08-10 14:38:49,010 INFO EVAL-FAIL REI: rank=0.853  reason=[above_5ma=+0.027 | vol_ratio=0.79<1.2]
2026-08-10 14:38:49,010 INFO EVAL-FAIL DOMO: rank=0.824  reason=[above_5ma=+0.015 | vol_ratio=0.30<1.2]
2026-08-10 14:38:49,011 INFO EVAL-FAIL NCNO: rank=0.794  reason=[vol_ratio=0.54<1.2]
2026-08-10 14:38:49,011 INFO EVAL-FAIL YEXT: rank=0.765  reason=[above_5ma=+0.008 | vol_ratio=0.76<1.2]
2026-08-10 14:38:49,011 INFO EVAL-FAIL EGHT: rank=0.735  reason=[above_5ma=+0.028 | vol_ratio=0.89<1.2]
2026-08-10 14:38:49,011 INFO EVAL-FAIL KELYA: rank=0.706  reason=[vol_ratio=0.94<1.2]
2026-08-10 14:38:49,011 INFO EVAL-FAIL ACAD: rank=0.676  reason=[momentum_rank=0.676<0.7 | above_5ma=+0.049 | vol_ratio=1.05<1.2]
2026-08-10 14:38:49,011 INFO EVAL-FAIL PRAX: rank=0.647  reason=[momentum_rank=0.647<0.7 | above_5ma=+0.083 | vol_ratio=1.19<1.2]
2026-08-10 14:38:49,011 INFO EVAL-FAIL GPOR: rank=0.618  reason=[momentum_rank=0.618<0.7 | above_5ma=+0.021]
2026-08-10 14:38:49,011 INFO EVAL-FAIL RMNI: rank=0.588  reason=[momentum_rank=0.588<0.7 | above_5ma=+0.031 | vol_ratio=0.94<1.2]
2026-08-10 14:38:49,011 INFO EVAL-FAIL HLIO: rank=0.559  reason=[momentum_rank=0.559<0.7 | above_5ma=+0.018 | vol_ratio=1.06<1.2]
2026-08-10 14:38:49,011 INFO EVAL-FAIL SM: rank=0.529  reason=[momentum_rank=0.529<0.7 | vol_ratio=1.12<1.2]
2026-08-10 14:38:49,011 INFO EVAL-FAIL AMPY: rank=0.500  reason=[momentum_rank=0.500<0.7 | above_5ma=+0.009 | vol_ratio=0.48<1.2]
2026-08-10 14:38:49,011 INFO EVAL-FAIL TTGT: rank=0.471  reason=[momentum_rank=0.471<0.7]
2026-08-10 14:38:49,011 INFO EVAL-FAIL DIN: rank=0.441  reason=[momentum_rank=0.441<0.7 | above_5ma=+0.003 | vol_ratio=0.95<1.2]
2026-08-10 14:38:49,011 INFO EVAL-FAIL PLAY: rank=0.412  reason=[momentum_rank=0.412<0.7 | vol_ratio=1.05<1.2]
2026-08-10 14:38:49,011 INFO EVAL-FAIL IRWD: rank=0.382  reason=[momentum_rank=0.382<0.7 | above_5ma=+0.006 | vol_ratio=0.86<1.2]
2026-08-10 14:38:49,012 INFO EVAL-FAIL PTLO: rank=0.353  reason=[momentum_rank=0.353<0.7 | vol_ratio=0.99<1.2]
2026-08-10 14:38:49,012 INFO EVAL-FAIL CATO: rank=0.324  reason=[momentum_rank=0.324<0.7 | vol_ratio=0.29<1.2]
2026-08-10 14:38:49,012 INFO EVAL-FAIL BMBL: rank=0.294  reason=[momentum_rank=0.294<0.7 | vol_ratio=0.90<1.2]
2026-08-10 14:38:49,012 INFO EVAL-FAIL SJT: rank=0.265  reason=[momentum_rank=0.265<0.7 | above_5ma=+0.023 | vol_ratio=0.69<1.2]
2026-08-10 14:38:49,012 INFO EVAL-FAIL INVA: rank=0.235  reason=[momentum_rank=0.235<0.7]
2026-08-10 14:38:49,012 INFO EVAL-FAIL FATE: rank=0.206  reason=[momentum_rank=0.206<0.7 | above_5ma=+0.080]
2026-08-10 14:38:49,012 INFO EVAL-FAIL POWI: rank=0.176  reason=[momentum_rank=0.176<0.7 | above_5ma=+0.040 | vol_ratio=0.94<1.2]
2026-08-10 14:38:49,012 INFO EVAL-FAIL DRVN: rank=0.147  reason=[momentum_rank=0.147<0.7]
2026-08-10 14:38:49,012 INFO EVAL-FAIL NVAX: rank=0.118  reason=[momentum_rank=0.118<0.7 | above_5ma=+0.034]
2026-08-10 14:38:49,012 INFO EVAL-FAIL ANGI: rank=0.088  reason=[momentum_rank=0.088<0.7]
2026-08-10 14:38:49,012 INFO EVAL-FAIL MYGN: rank=0.059  reason=[momentum_rank=0.059<0.7 | above_5ma=+0.033 | vol_ratio=0.60<1.2]
2026-08-10 14:38:49,012 INFO EVAL-FAIL LESL: rank=0.029  reason=[momentum_rank=0.029<0.7]
2026-08-10 14:38:49,013 INFO --- 0 signals fired ---
2026-08-10 14:38:49,013 INFO 
--------------------------------------------------------------
  DATE         : 2026-08-10
  CASH         : $    8,237.05
  POSITION VAL : $      967.96
  EQUITY       : $    9,205.01
  OPEN POS     : 2 held  |  0 pending
  DAILY P&L    : $      -55.49
  TOTAL P&L    : $     +181.64  (-7.95%)
  TRADES TODAY : 1
--------------------------------------------------------------
