2026-08-27 23:02:40,861 INFO === Run: today=2026-08-27  signal_date=2026-08-26 ===
2026-08-27 23:02:40,861 INFO Fetching historical price data...
2026-08-27 23:02:45,307 ERROR $CCRN: possibly delisted; no price data found  (1d 2025-08-27 -> 2026-08-27)
2026-08-27 23:02:45,309 ERROR $CCRN: possibly delisted; no price data found  (1d 2025-08-27 -> 2026-08-27)
2026-08-27 23:02:45,309 ERROR 
1 Failed download:
2026-08-27 23:02:45,309 ERROR ['CCRN']: possibly delisted; no price data found  (1d 2025-08-27 -> 2026-08-27)
2026-08-27 23:02:48,595 INFO Using signal bar: 2026-08-26
2026-08-27 23:02:48,595 INFO Fetching today's opens for 35 tickers...
2026-08-27 23:02:49,901 INFO Got opens for 35 tickers.
2026-08-27 23:02:49,901 INFO --- Processing 0 pending entries ---
2026-08-27 23:02:49,901 INFO --- Checking exits for 3 open positions ---
2026-08-27 23:02:49,901 WARNING No H/L for CCRN on 2026-08-26 — skipping exit check
2026-08-27 23:02:49,901 INFO HOLD    RMNI: close=5.15  entry=4.75  peak=5.28  stop=4.47  tp=5.47
2026-08-27 23:02:49,901 INFO HOLD    JACK: close=16.47  entry=17.04  peak=18.39  stop=16.02  tp=19.59
2026-08-27 23:02:49,901 INFO --- Generating signals for 2026-08-26 ---
2026-08-27 23:02:51,585 INFO --- Signal evaluation: 35 candidates ---
2026-08-27 23:02:51,585 INFO EVAL-FAIL TBI: rank=1.000  reason=[vol_ratio=0.47<1.2]
2026-08-27 23:02:51,585 INFO EVAL-FAIL PRAX: rank=0.971  reason=[above_5ma=+0.018 | vol_ratio=1.07<1.2]
2026-08-27 23:02:51,585 INFO EVAL-FAIL WHD: rank=0.943  reason=[vol_ratio=0.53<1.2]
2026-08-27 23:02:51,585 INFO EVAL-FAIL NVAX: rank=0.914  reason=[above_5ma=+0.026 | vol_ratio=0.79<1.2]
2026-08-27 23:02:51,585 INFO EVAL-FAIL AGEN: rank=0.886  reason=[above_5ma=+0.035 | vol_ratio=0.53<1.2]
2026-08-27 23:02:51,585 INFO EVAL-FAIL IRWD: rank=0.857  reason=[above_5ma=+0.010 | vol_ratio=0.45<1.2]
2026-08-27 23:02:51,586 INFO EVAL-FAIL AMPY: rank=0.829  reason=[vol_ratio=0.46<1.2]
2026-08-27 23:02:51,586 INFO EVAL-FAIL REI: rank=0.800  reason=[vol_ratio=0.77<1.2]
2026-08-27 23:02:51,586 INFO EVAL-FAIL NCNO: rank=0.771  reason=[above_5ma=+0.032]
2026-08-27 23:02:51,586 INFO EVAL-FAIL YEXT: rank=0.743  reason=[above_5ma=+0.009 | vol_ratio=1.06<1.2]
2026-08-27 23:02:51,586 INFO EVAL-FAIL VET: rank=0.714  reason=[vol_ratio=1.03<1.2]
2026-08-27 23:02:51,586 INFO EVAL-FAIL ACAD: rank=0.686  reason=[momentum_rank=0.686<0.7 | vol_ratio=0.74<1.2]
2026-08-27 23:02:51,586 INFO EVAL-FAIL SM: rank=0.657  reason=[momentum_rank=0.657<0.7 | vol_ratio=0.90<1.2]
2026-08-27 23:02:51,586 INFO EVAL-FAIL GPOR: rank=0.629  reason=[momentum_rank=0.629<0.7 | above_5ma=+0.000 | vol_ratio=0.63<1.2]
2026-08-27 23:02:51,586 INFO EVAL-FAIL SJT: rank=0.600  reason=[momentum_rank=0.600<0.7 | above_5ma=+0.002 | vol_ratio=1.17<1.2]
2026-08-27 23:02:51,586 INFO EVAL-FAIL FATE: rank=0.571  reason=[momentum_rank=0.571<0.7 | above_5ma=+0.041 | vol_ratio=0.49<1.2]
2026-08-27 23:02:51,586 INFO EVAL-FAIL KELYA: rank=0.543  reason=[momentum_rank=0.543<0.7 | above_5ma=+0.004 | vol_ratio=0.69<1.2]
2026-08-27 23:02:51,586 INFO EVAL-FAIL RMNI: rank=0.514  reason=[momentum_rank=0.514<0.7 | vol_ratio=0.90<1.2]
2026-08-27 23:02:51,586 INFO EVAL-FAIL DOMO: rank=0.486  reason=[momentum_rank=0.486<0.7 | above_5ma=+0.004]
2026-08-27 23:02:51,586 INFO EVAL-FAIL GSHD: rank=0.457  reason=[momentum_rank=0.457<0.7 | vol_ratio=0.41<1.2]
2026-08-27 23:02:51,587 INFO EVAL-FAIL HLIO: rank=0.429  reason=[momentum_rank=0.429<0.7 | vol_ratio=0.57<1.2]
2026-08-27 23:02:51,587 INFO EVAL-FAIL JACK: rank=0.400  reason=[momentum_rank=0.400<0.7 | vol_ratio=0.51<1.2]
2026-08-27 23:02:51,587 INFO EVAL-FAIL PTLO: rank=0.371  reason=[momentum_rank=0.371<0.7 | vol_ratio=0.69<1.2]
2026-08-27 23:02:51,587 INFO EVAL-FAIL INVA: rank=0.343  reason=[momentum_rank=0.343<0.7 | above_5ma=+0.006 | vol_ratio=1.05<1.2]
2026-08-27 23:02:51,587 INFO EVAL-FAIL POWI: rank=0.314  reason=[momentum_rank=0.314<0.7 | above_5ma=+0.006 | vol_ratio=1.01<1.2]
2026-08-27 23:02:51,587 INFO EVAL-FAIL DIN: rank=0.286  reason=[momentum_rank=0.286<0.7 | vol_ratio=0.86<1.2]
2026-08-27 23:02:51,587 INFO EVAL-FAIL EGHT: rank=0.257  reason=[momentum_rank=0.257<0.7 | vol_ratio=0.53<1.2]
2026-08-27 23:02:51,587 INFO EVAL-FAIL PLAY: rank=0.229  reason=[momentum_rank=0.229<0.7 | vol_ratio=0.69<1.2]
2026-08-27 23:02:51,587 INFO EVAL-FAIL BMBL: rank=0.200  reason=[momentum_rank=0.200<0.7 | vol_ratio=0.83<1.2]
2026-08-27 23:02:51,587 INFO EVAL-FAIL DRVN: rank=0.171  reason=[momentum_rank=0.171<0.7 | vol_ratio=0.89<1.2]
2026-08-27 23:02:51,587 INFO EVAL-FAIL TTGT: rank=0.143  reason=[momentum_rank=0.143<0.7 | above_5ma=+0.006 | vol_ratio=0.47<1.2]
2026-08-27 23:02:51,587 INFO EVAL-FAIL CATO: rank=0.114  reason=[momentum_rank=0.114<0.7 | vol_ratio=0.20<1.2]
2026-08-27 23:02:51,587 INFO EVAL-FAIL ANGI: rank=0.086  reason=[momentum_rank=0.086<0.7 | above_5ma=+0.002 | vol_ratio=0.54<1.2]
2026-08-27 23:02:51,587 INFO EVAL-FAIL LESL: rank=0.057  reason=[momentum_rank=0.057<0.7 | vol_ratio=0.16<1.2]
2026-08-27 23:02:51,587 INFO EVAL-FAIL MYGN: rank=0.029  reason=[momentum_rank=0.029<0.7 | vol_ratio=0.45<1.2]
2026-08-27 23:02:51,588 INFO --- 0 signals fired ---
2026-08-27 23:02:51,589 INFO 
--------------------------------------------------------------
  DATE         : 2026-08-27
  CASH         : $    7,316.78
  POSITION VAL : $    1,875.84
  EQUITY       : $    9,192.62
  OPEN POS     : 3 held  |  0 pending
  DAILY P&L    : $       +0.00
  TOTAL P&L    : $     +181.64  (-8.07%)
  TRADES TODAY : 0
--------------------------------------------------------------
