2026-08-14 14:32:46,275 INFO === Run: today=2026-08-14  signal_date=2026-08-13 ===
2026-08-14 14:32:46,275 INFO Fetching historical price data...
2026-08-14 14:32:50,813 ERROR $CCRN: possibly delisted; no price data found  (1d 2025-08-14 -> 2026-08-14)
2026-08-14 14:32:50,815 ERROR $CCRN: possibly delisted; no price data found  (1d 2025-08-14 -> 2026-08-14)
2026-08-14 14:32:50,815 ERROR 
1 Failed download:
2026-08-14 14:32:50,815 ERROR ['CCRN']: possibly delisted; no price data found  (1d 2025-08-14 -> 2026-08-14)
2026-08-14 14:32:54,606 INFO Using signal bar: 2026-08-13
2026-08-14 14:32:54,606 INFO Fetching today's opens for 34 tickers...
2026-08-14 14:32:56,116 INFO Got opens for 34 tickers.
2026-08-14 14:32:56,116 INFO --- Processing 0 pending entries ---
2026-08-14 14:32:56,116 INFO --- Checking exits for 2 open positions ---
2026-08-14 14:32:56,116 WARNING No H/L for CCRN on 2026-08-13 — skipping exit check
2026-08-14 14:32:56,117 INFO HOLD    RMNI: close=5.03  entry=4.75  peak=5.08  stop=4.47  tp=5.47
2026-08-14 14:32:56,117 INFO --- Generating signals for 2026-08-13 ---
2026-08-14 14:32:58,468 INFO --- Signal evaluation: 34 candidates ---
2026-08-14 14:32:58,469 INFO EVAL-FAIL WHD: rank=1.000  reason=[above_5ma=+0.013]
2026-08-14 14:32:58,469 INFO EVAL-FAIL TBI: rank=0.971  reason=[NaN/unknown]
2026-08-14 14:32:58,469 INFO EVAL-FAIL GSHD: rank=0.941  reason=[above_5ma=+0.027]
2026-08-14 14:32:58,469 INFO EVAL-FAIL AMPY: rank=0.912  reason=[above_5ma=+0.102]
2026-08-14 14:32:58,469 INFO EVAL-FAIL PRAX: rank=0.882  reason=[NaN/unknown]
2026-08-14 14:32:58,469 INFO EVAL-FAIL DOMO: rank=0.853  reason=[above_5ma=+0.008]
2026-08-14 14:32:58,469 INFO EVAL-FAIL VET: rank=0.824  reason=[vol_ratio=0.49<1.2]
2026-08-14 14:32:58,470 INFO EVAL-FAIL JACK: rank=0.794  reason=[above_5ma=+0.033]
2026-08-14 14:32:58,470 INFO EVAL-FAIL NCNO: rank=0.765  reason=[above_5ma=+0.065]
2026-08-14 14:32:58,470 INFO EVAL-FAIL YEXT: rank=0.735  reason=[above_5ma=+0.052]
2026-08-14 14:32:58,470 INFO EVAL-FAIL REI: rank=0.706  reason=[vol_ratio=0.53<1.2]
2026-08-14 14:32:58,470 INFO EVAL-FAIL GPOR: rank=0.676  reason=[momentum_rank=0.676<0.7 | above_5ma=+0.010]
2026-08-14 14:32:58,470 INFO EVAL-FAIL ACAD: rank=0.647  reason=[momentum_rank=0.647<0.7]
2026-08-14 14:32:58,470 INFO EVAL-FAIL SM: rank=0.618  reason=[momentum_rank=0.618<0.7 | above_5ma=+0.026]
2026-08-14 14:32:58,470 INFO EVAL-FAIL RMNI: rank=0.588  reason=[momentum_rank=0.588<0.7 | above_5ma=+0.024]
2026-08-14 14:32:58,470 INFO EVAL-FAIL PTLO: rank=0.559  reason=[momentum_rank=0.559<0.7 | above_5ma=+0.083]
2026-08-14 14:32:58,470 INFO EVAL-FAIL KELYA: rank=0.529  reason=[momentum_rank=0.529<0.7 | above_5ma=+0.045]
2026-08-14 14:32:58,471 INFO EVAL-FAIL IRWD: rank=0.500  reason=[momentum_rank=0.500<0.7]
2026-08-14 14:32:58,471 INFO EVAL-FAIL EGHT: rank=0.471  reason=[momentum_rank=0.471<0.7]
2026-08-14 14:32:58,471 INFO EVAL-FAIL SJT: rank=0.441  reason=[momentum_rank=0.441<0.7 | above_5ma=+0.033]
2026-08-14 14:32:58,471 INFO EVAL-FAIL TTGT: rank=0.412  reason=[momentum_rank=0.412<0.7 | above_5ma=+0.009]
2026-08-14 14:32:58,471 INFO EVAL-FAIL PLAY: rank=0.382  reason=[momentum_rank=0.382<0.7 | above_5ma=+0.039]
2026-08-14 14:32:58,471 INFO EVAL-FAIL CATO: rank=0.353  reason=[momentum_rank=0.353<0.7 | above_5ma=+0.010]
2026-08-14 14:32:58,471 INFO EVAL-FAIL HLIO: rank=0.324  reason=[momentum_rank=0.324<0.7]
2026-08-14 14:32:58,471 INFO EVAL-FAIL NVAX: rank=0.294  reason=[momentum_rank=0.294<0.7 | above_5ma=+0.020 | vol_ratio=1.12<1.2]
2026-08-14 14:32:58,471 INFO EVAL-FAIL DIN: rank=0.265  reason=[momentum_rank=0.265<0.7]
2026-08-14 14:32:58,471 INFO EVAL-FAIL INVA: rank=0.235  reason=[momentum_rank=0.235<0.7 | above_5ma=+0.002]
2026-08-14 14:32:58,472 INFO EVAL-FAIL FATE: rank=0.206  reason=[momentum_rank=0.206<0.7]
2026-08-14 14:32:58,472 INFO EVAL-FAIL BMBL: rank=0.176  reason=[momentum_rank=0.176<0.7]
2026-08-14 14:32:58,472 INFO EVAL-FAIL POWI: rank=0.147  reason=[momentum_rank=0.147<0.7]
2026-08-14 14:32:58,472 INFO EVAL-FAIL DRVN: rank=0.118  reason=[momentum_rank=0.118<0.7 | above_5ma=+0.012]
2026-08-14 14:32:58,472 INFO EVAL-FAIL ANGI: rank=0.088  reason=[momentum_rank=0.088<0.7 | above_5ma=+0.046]
2026-08-14 14:32:58,472 INFO EVAL-FAIL MYGN: rank=0.059  reason=[momentum_rank=0.059<0.7]
2026-08-14 14:32:58,472 INFO EVAL-FAIL LESL: rank=0.029  reason=[momentum_rank=0.029<0.7]
2026-08-14 14:32:58,473 INFO --- 0 signals fired ---
2026-08-14 14:32:58,473 INFO 
--------------------------------------------------------------
  DATE         : 2026-08-14
  CASH         : $    8,237.05
  POSITION VAL : $      964.13
  EQUITY       : $    9,201.18
  OPEN POS     : 2 held  |  0 pending
  DAILY P&L    : $       +0.00
  TOTAL P&L    : $     +181.64  (-7.99%)
  TRADES TODAY : 0
--------------------------------------------------------------
