2026-08-11 14:38:00,780 INFO === Run: today=2026-08-11  signal_date=2026-08-10 ===
2026-08-11 14:38:00,780 INFO Fetching historical price data...
2026-08-11 14:38:07,833 INFO Using signal bar: 2026-08-10
2026-08-11 14:38:07,833 INFO Fetching today's opens for 34 tickers...
2026-08-11 14:38:09,018 INFO Got opens for 34 tickers.
2026-08-11 14:38:09,018 INFO --- Processing 0 pending entries ---
2026-08-11 14:38:09,018 INFO --- Checking exits for 2 open positions ---
2026-08-11 14:38:09,018 WARNING No H/L for CCRN on 2026-08-10 — skipping exit check
2026-08-11 14:38:09,018 INFO HOLD    RMNI: close=4.91  entry=4.75  peak=5.08  stop=4.47  tp=5.47
2026-08-11 14:38:09,018 INFO --- Generating signals for 2026-08-10 ---
2026-08-11 14:38:09,858 INFO --- Signal evaluation: 34 candidates ---
2026-08-11 14:38:09,858 INFO EVAL-FAIL WHD: rank=1.000  reason=[above_5ma=+0.043 | vol_ratio=0.94<1.2]
2026-08-11 14:38:09,858 INFO EVAL-FAIL TBI: rank=0.971  reason=[above_5ma=+0.091]
2026-08-11 14:38:09,858 INFO EVAL-FAIL DOMO: rank=0.941  reason=[above_5ma=+0.038 | vol_ratio=0.49<1.2]
2026-08-11 14:38:09,858 INFO EVAL-FAIL JACK: rank=0.912  reason=[above_5ma=+0.008 | vol_ratio=0.85<1.2]
2026-08-11 14:38:09,858 INFO EVAL-FAIL GSHD: rank=0.882  reason=[vol_ratio=0.55<1.2]
2026-08-11 14:38:09,858 INFO EVAL-FAIL VET: rank=0.853  reason=[above_5ma=+0.044 | vol_ratio=0.86<1.2]
2026-08-11 14:38:09,858 INFO EVAL-FAIL PRAX: rank=0.824  reason=[above_5ma=+0.062]
2026-08-11 14:38:09,858 INFO EVAL-FAIL REI: rank=0.794  reason=[above_5ma=+0.058 | vol_ratio=0.75<1.2]
2026-08-11 14:38:09,858 INFO EVAL-FAIL ACAD: rank=0.765  reason=[above_5ma=+0.028]
2026-08-11 14:38:09,858 INFO EVAL-FAIL YEXT: rank=0.735  reason=[above_5ma=+0.011 | vol_ratio=0.72<1.2]
2026-08-11 14:38:09,858 INFO EVAL-FAIL KELYA: rank=0.706  reason=[above_5ma=+0.018]
2026-08-11 14:38:09,858 INFO EVAL-FAIL NCNO: rank=0.676  reason=[momentum_rank=0.676<0.7 | vol_ratio=0.65<1.2]
2026-08-11 14:38:09,858 INFO EVAL-FAIL GPOR: rank=0.647  reason=[momentum_rank=0.647<0.7 | above_5ma=+0.049 | vol_ratio=1.06<1.2]
2026-08-11 14:38:09,858 INFO EVAL-FAIL SM: rank=0.618  reason=[momentum_rank=0.618<0.7 | above_5ma=+0.063]
2026-08-11 14:38:09,858 INFO EVAL-FAIL RMNI: rank=0.588  reason=[momentum_rank=0.588<0.7 | vol_ratio=1.10<1.2]
2026-08-11 14:38:09,858 INFO EVAL-FAIL TTGT: rank=0.559  reason=[momentum_rank=0.559<0.7 | vol_ratio=0.89<1.2]
2026-08-11 14:38:09,858 INFO EVAL-FAIL CATO: rank=0.529  reason=[momentum_rank=0.529<0.7 | vol_ratio=0.32<1.2]
2026-08-11 14:38:09,858 INFO EVAL-FAIL HLIO: rank=0.500  reason=[momentum_rank=0.500<0.7 | vol_ratio=1.16<1.2]
2026-08-11 14:38:09,858 INFO EVAL-FAIL EGHT: rank=0.471  reason=[momentum_rank=0.471<0.7]
2026-08-11 14:38:09,858 INFO EVAL-FAIL AMPY: rank=0.441  reason=[momentum_rank=0.441<0.7 | above_5ma=+0.033 | vol_ratio=0.50<1.2]
2026-08-11 14:38:09,858 INFO EVAL-FAIL DIN: rank=0.412  reason=[momentum_rank=0.412<0.7 | above_5ma=+0.008]
2026-08-11 14:38:09,858 INFO EVAL-FAIL PLAY: rank=0.382  reason=[momentum_rank=0.382<0.7]
2026-08-11 14:38:09,859 INFO EVAL-FAIL SJT: rank=0.353  reason=[momentum_rank=0.353<0.7 | above_5ma=+0.036]
2026-08-11 14:38:09,859 INFO EVAL-FAIL IRWD: rank=0.324  reason=[momentum_rank=0.324<0.7 | vol_ratio=1.02<1.2]
2026-08-11 14:38:09,859 INFO EVAL-FAIL PTLO: rank=0.294  reason=[momentum_rank=0.294<0.7]
2026-08-11 14:38:09,859 INFO EVAL-FAIL INVA: rank=0.265  reason=[momentum_rank=0.265<0.7]
2026-08-11 14:38:09,859 INFO EVAL-FAIL FATE: rank=0.235  reason=[momentum_rank=0.235<0.7 | above_5ma=+0.044 | vol_ratio=0.90<1.2]
2026-08-11 14:38:09,859 INFO EVAL-FAIL POWI: rank=0.206  reason=[momentum_rank=0.206<0.7 | vol_ratio=0.89<1.2]
2026-08-11 14:38:09,859 INFO EVAL-FAIL NVAX: rank=0.176  reason=[momentum_rank=0.176<0.7 | above_5ma=+0.013 | vol_ratio=1.02<1.2]
2026-08-11 14:38:09,859 INFO EVAL-FAIL BMBL: rank=0.147  reason=[momentum_rank=0.147<0.7]
2026-08-11 14:38:09,859 INFO EVAL-FAIL DRVN: rank=0.118  reason=[momentum_rank=0.118<0.7 | vol_ratio=1.10<1.2]
2026-08-11 14:38:09,859 INFO EVAL-FAIL ANGI: rank=0.088  reason=[momentum_rank=0.088<0.7]
2026-08-11 14:38:09,859 INFO EVAL-FAIL MYGN: rank=0.059  reason=[momentum_rank=0.059<0.7 | above_5ma=+0.015 | vol_ratio=0.57<1.2]
2026-08-11 14:38:09,859 INFO EVAL-FAIL LESL: rank=0.029  reason=[momentum_rank=0.029<0.7 | vol_ratio=0.45<1.2]
2026-08-11 14:38:09,859 INFO --- 0 signals fired ---
2026-08-11 14:38:09,859 INFO 
--------------------------------------------------------------
  DATE         : 2026-08-11
  CASH         : $    8,237.05
  POSITION VAL : $      941.13
  EQUITY       : $    9,178.18
  OPEN POS     : 2 held  |  0 pending
  DAILY P&L    : $       +0.00
  TOTAL P&L    : $     +181.64  (-8.22%)
  TRADES TODAY : 0
--------------------------------------------------------------
