2026-08-28 23:10:52,971 INFO === Run: today=2026-08-28  signal_date=2026-08-27 ===
2026-08-28 23:10:52,971 INFO Fetching historical price data...
2026-08-28 23:10:55,714 ERROR $CCRN: possibly delisted; no price data found  (1d 2025-08-28 -> 2026-08-28)
2026-08-28 23:10:55,715 ERROR $CCRN: possibly delisted; no price data found  (1d 2025-08-28 -> 2026-08-28)
2026-08-28 23:10:55,716 ERROR 
1 Failed download:
2026-08-28 23:10:55,716 ERROR ['CCRN']: possibly delisted; no price data found  (1d 2025-08-28 -> 2026-08-28)
2026-08-28 23:10:58,224 INFO Using signal bar: 2026-08-27
2026-08-28 23:10:58,224 INFO Fetching today's opens for 35 tickers...
2026-08-28 23:10:59,026 INFO Got opens for 35 tickers.
2026-08-28 23:10:59,026 INFO --- Processing 0 pending entries ---
2026-08-28 23:10:59,026 INFO --- Checking exits for 3 open positions ---
2026-08-28 23:10:59,026 WARNING No H/L for CCRN on 2026-08-27 — skipping exit check
2026-08-28 23:10:59,027 INFO TRAIL   RMNI: low=5.16 <= trail=5.18 (peak=5.40)
2026-08-28 23:10:59,027 INFO STOP    JACK: low=15.75 <= stop=16.02
2026-08-28 23:10:59,027 INFO CLOSED  RMNI   [trailing_stop]: 191.6757 sh @ $5.18  P&L=$+81.76 (+8.97%)  entry=$4.75
2026-08-28 23:10:59,027 INFO CLOSED  JACK   [stop_loss]: 53.9596 sh @ $16.00  P&L=$-55.81 (-6.07%)  entry=$17.04
2026-08-28 23:10:59,027 INFO --- Generating signals for 2026-08-27 ---
2026-08-28 23:11:01,455 INFO --- Signal evaluation: 35 candidates ---
2026-08-28 23:11:01,455 INFO EVAL-FAIL TBI: rank=1.000  reason=[above_5ma=+0.003 | vol_ratio=0.43<1.2]
2026-08-28 23:11:01,455 INFO EVAL-FAIL NCNO: rank=0.971  reason=[above_5ma=+0.088]
2026-08-28 23:11:01,455 INFO EVAL-FAIL AMPY: rank=0.943  reason=[vol_ratio=0.59<1.2]
2026-08-28 23:11:01,455 INFO EVAL-FAIL YEXT: rank=0.914  reason=[above_5ma=+0.033 | vol_ratio=0.96<1.2]
2026-08-28 23:11:01,455 INFO EVAL-FAIL NVAX: rank=0.886  reason=[vol_ratio=0.77<1.2]
2026-08-28 23:11:01,456 INFO EVAL-FAIL PRAX: rank=0.857  reason=[vol_ratio=0.56<1.2]
2026-08-28 23:11:01,456 INFO EVAL-FAIL REI: rank=0.829  reason=[above_5ma=+0.015]
2026-08-28 23:11:01,456 INFO EVAL-FAIL SM: rank=0.800  reason=[above_5ma=+0.014 | vol_ratio=0.93<1.2]
2026-08-28 23:11:01,456 INFO EVAL-FAIL KELYA: rank=0.771  reason=[above_5ma=+0.005 | vol_ratio=0.97<1.2]
2026-08-28 23:11:01,456 INFO EVAL-FAIL IRWD: rank=0.743  reason=[vol_ratio=0.43<1.2]
2026-08-28 23:11:01,456 INFO EVAL-FAIL GPOR: rank=0.714  reason=[above_5ma=+0.010 | vol_ratio=0.64<1.2]
2026-08-28 23:11:01,456 INFO EVAL-FAIL ACAD: rank=0.686  reason=[momentum_rank=0.686<0.7 | vol_ratio=0.49<1.2]
2026-08-28 23:11:01,456 INFO EVAL-FAIL WHD: rank=0.657  reason=[momentum_rank=0.657<0.7 | above_5ma=+0.009 | vol_ratio=0.67<1.2]
2026-08-28 23:11:01,456 INFO EVAL-FAIL VET: rank=0.629  reason=[momentum_rank=0.629<0.7 | above_5ma=+0.018 | vol_ratio=0.94<1.2]
2026-08-28 23:11:01,456 INFO EVAL-FAIL GSHD: rank=0.600  reason=[momentum_rank=0.600<0.7 | vol_ratio=0.50<1.2]
2026-08-28 23:11:01,457 INFO EVAL-FAIL RMNI: rank=0.571  reason=[momentum_rank=0.571<0.7 | above_5ma=+0.026]
2026-08-28 23:11:01,457 INFO EVAL-FAIL EGHT: rank=0.543  reason=[momentum_rank=0.543<0.7 | above_5ma=+0.020]
2026-08-28 23:11:01,457 INFO EVAL-FAIL SJT: rank=0.514  reason=[momentum_rank=0.514<0.7 | vol_ratio=0.74<1.2]
2026-08-28 23:11:01,457 INFO EVAL-FAIL DOMO: rank=0.486  reason=[momentum_rank=0.486<0.7 | above_5ma=+0.031]
2026-08-28 23:11:01,457 INFO EVAL-FAIL FATE: rank=0.457  reason=[momentum_rank=0.457<0.7 | above_5ma=+0.022 | vol_ratio=0.74<1.2]
2026-08-28 23:11:01,457 INFO EVAL-FAIL INVA: rank=0.429  reason=[momentum_rank=0.429<0.7 | vol_ratio=0.74<1.2]
2026-08-28 23:11:01,457 INFO EVAL-FAIL AGEN: rank=0.400  reason=[momentum_rank=0.400<0.7 | vol_ratio=0.57<1.2]
2026-08-28 23:11:01,457 INFO EVAL-FAIL JACK: rank=0.371  reason=[momentum_rank=0.371<0.7 | vol_ratio=0.57<1.2]
2026-08-28 23:11:01,457 INFO EVAL-FAIL PTLO: rank=0.343  reason=[momentum_rank=0.343<0.7 | vol_ratio=0.98<1.2]
2026-08-28 23:11:01,457 INFO EVAL-FAIL HLIO: rank=0.314  reason=[momentum_rank=0.314<0.7 | vol_ratio=0.71<1.2]
2026-08-28 23:11:01,458 INFO EVAL-FAIL BMBL: rank=0.286  reason=[momentum_rank=0.286<0.7 | vol_ratio=0.56<1.2]
2026-08-28 23:11:01,458 INFO EVAL-FAIL DIN: rank=0.257  reason=[momentum_rank=0.257<0.7 | vol_ratio=0.83<1.2]
2026-08-28 23:11:01,458 INFO EVAL-FAIL POWI: rank=0.229  reason=[momentum_rank=0.229<0.7 | above_5ma=+0.012 | vol_ratio=1.05<1.2]
2026-08-28 23:11:01,458 INFO EVAL-FAIL DRVN: rank=0.200  reason=[momentum_rank=0.200<0.7 | vol_ratio=0.84<1.2]
2026-08-28 23:11:01,458 INFO EVAL-FAIL TTGT: rank=0.171  reason=[momentum_rank=0.171<0.7 | above_5ma=+0.012 | vol_ratio=0.54<1.2]
2026-08-28 23:11:01,458 INFO EVAL-FAIL PLAY: rank=0.143  reason=[momentum_rank=0.143<0.7]
2026-08-28 23:11:01,458 INFO EVAL-FAIL ANGI: rank=0.114  reason=[momentum_rank=0.114<0.7 | vol_ratio=0.78<1.2]
2026-08-28 23:11:01,458 INFO EVAL-FAIL CATO: rank=0.086  reason=[momentum_rank=0.086<0.7]
2026-08-28 23:11:01,458 INFO EVAL-FAIL LESL: rank=0.057  reason=[momentum_rank=0.057<0.7 | vol_ratio=0.32<1.2]
2026-08-28 23:11:01,458 INFO EVAL-FAIL MYGN: rank=0.029  reason=[momentum_rank=0.029<0.7 | above_5ma=+0.010 | vol_ratio=0.46<1.2]
2026-08-28 23:11:01,459 INFO --- 0 signals fired ---
2026-08-28 23:11:01,459 INFO 
--------------------------------------------------------------
  DATE         : 2026-08-28
  CASH         : $    9,171.36
  POSITION VAL : $        0.00
  EQUITY       : $    9,171.36
  OPEN POS     : 1 held  |  0 pending
  DAILY P&L    : $      +25.95
  TOTAL P&L    : $     +207.59  (-8.29%)
  TRADES TODAY : 2
--------------------------------------------------------------
