2026-09-25 18:03:01,425 INFO === Run: today=2026-09-25  signal_date=2026-09-24 ===
2026-09-25 18:03:01,425 INFO Fetching historical price data...
2026-09-25 18:03:05,655 ERROR HTTP Error 404: {"quoteSummary":{"result":null,"error":{"code":"Not Found","description":"Quote not found for symbol: CCRN"}}}
2026-09-25 18:03:05,792 ERROR $CCRN: possibly delisted; no timezone found
2026-09-25 18:03:06,048 ERROR HTTP Error 404: {"quoteSummary":{"result":null,"error":{"code":"Not Found","description":"Quote not found for symbol: CCRN"}}}
2026-09-25 18:03:06,150 ERROR $CCRN: possibly delisted; no timezone found
2026-09-25 18:03:06,150 ERROR 
1 Failed download:
2026-09-25 18:03:06,150 ERROR ['CCRN']: possibly delisted; no timezone found
2026-09-25 18:03:09,169 INFO Using signal bar: 2026-09-24
2026-09-25 18:03:09,169 INFO Fetching today's opens for 34 tickers...
2026-09-25 18:03:10,434 INFO Got opens for 34 tickers.
2026-09-25 18:03:10,434 INFO --- Processing 0 pending entries ---
2026-09-25 18:03:10,434 INFO --- Checking exits for 2 open positions ---
2026-09-25 18:03:10,434 WARNING No H/L for CCRN on 2026-09-24 — skipping exit check
2026-09-25 18:03:10,434 INFO TRAIL   SJT: low=3.00 <= trail=3.26 (peak=3.40)
2026-09-25 18:03:10,434 INFO CLOSED  SJT    [trailing_stop]: 302.0021 sh @ $3.26  P&L=$+66.22 (+7.21%)  entry=$3.04
2026-09-25 18:03:10,434 INFO --- Generating signals for 2026-09-24 ---
2026-09-25 18:03:12,364 INFO --- Signal evaluation: 34 candidates ---
2026-09-25 18:03:12,365 INFO EVAL-FAIL MYGN: rank=1.000  reason=[above_5ma=+0.031 | vol_ratio=0.92<1.2]
2026-09-25 18:03:12,365 INFO EVAL-FAIL EGHT: rank=0.971  reason=[above_5ma=+0.118]
2026-09-25 18:03:12,365 INFO EVAL-FAIL SJT: rank=0.941  reason=[above_5ma=+0.096]
2026-09-25 18:03:12,365 INFO EVAL-FAIL NVAX: rank=0.912  reason=[above_5ma=+0.009 | vol_ratio=0.75<1.2]
2026-09-25 18:03:12,365 INFO EVAL-FAIL ANGI: rank=0.882  reason=[vol_ratio=0.96<1.2]
2026-09-25 18:03:12,365 INFO EVAL-FAIL AGEN: rank=0.853  reason=[above_5ma=+0.017 | vol_ratio=0.70<1.2]
2026-09-25 18:03:12,365 INFO EVAL-FAIL SM: rank=0.824  reason=[above_5ma=+0.003 | vol_ratio=0.93<1.2]
2026-09-25 18:03:12,365 INFO EVAL-FAIL YEXT: rank=0.794  reason=[above_5ma=+0.016 | vol_ratio=0.90<1.2]
2026-09-25 18:03:12,365 INFO EVAL-FAIL WHD: rank=0.765  reason=[vol_ratio=0.56<1.2]
2026-09-25 18:03:12,365 INFO EVAL-FAIL IRWD: rank=0.735  reason=[vol_ratio=0.87<1.2]
2026-09-25 18:03:12,365 INFO EVAL-PASS VET: rank=0.706  vol_ratio=1.36  pct_from_5ma=-0.004
2026-09-25 18:03:12,366 INFO EVAL-FAIL BMBL: rank=0.676  reason=[momentum_rank=0.676<0.7 | vol_ratio=0.93<1.2]
2026-09-25 18:03:12,366 INFO EVAL-FAIL INVA: rank=0.647  reason=[momentum_rank=0.647<0.7]
2026-09-25 18:03:12,366 INFO EVAL-FAIL TTGT: rank=0.618  reason=[momentum_rank=0.618<0.7 | vol_ratio=1.04<1.2]
2026-09-25 18:03:12,366 INFO EVAL-FAIL KELYA: rank=0.588  reason=[momentum_rank=0.588<0.7 | above_5ma=+0.001 | vol_ratio=1.06<1.2]
2026-09-25 18:03:12,366 INFO EVAL-FAIL REI: rank=0.559  reason=[momentum_rank=0.559<0.7 | vol_ratio=0.49<1.2]
2026-09-25 18:03:12,366 INFO EVAL-FAIL AMPY: rank=0.529  reason=[momentum_rank=0.529<0.7 | above_5ma=+0.004]
2026-09-25 18:03:12,366 INFO EVAL-FAIL GPOR: rank=0.500  reason=[momentum_rank=0.500<0.7 | above_5ma=+0.017 | vol_ratio=0.96<1.2]
2026-09-25 18:03:12,366 INFO EVAL-FAIL POWI: rank=0.471  reason=[momentum_rank=0.471<0.7 | above_5ma=+0.003 | vol_ratio=0.77<1.2]
2026-09-25 18:03:12,366 INFO EVAL-FAIL NCNO: rank=0.441  reason=[momentum_rank=0.441<0.7 | vol_ratio=0.95<1.2]
2026-09-25 18:03:12,366 INFO EVAL-FAIL DRVN: rank=0.412  reason=[momentum_rank=0.412<0.7 | vol_ratio=0.80<1.2]
2026-09-25 18:03:12,366 INFO EVAL-FAIL HLIO: rank=0.382  reason=[momentum_rank=0.382<0.7]
2026-09-25 18:03:12,366 INFO EVAL-FAIL TBI: rank=0.353  reason=[momentum_rank=0.353<0.7 | above_5ma=+0.005 | vol_ratio=0.50<1.2]
2026-09-25 18:03:12,366 INFO EVAL-FAIL FATE: rank=0.324  reason=[momentum_rank=0.324<0.7 | vol_ratio=0.86<1.2]
2026-09-25 18:03:12,366 INFO EVAL-FAIL CATO: rank=0.294  reason=[momentum_rank=0.294<0.7 | vol_ratio=0.11<1.2]
2026-09-25 18:03:12,367 INFO EVAL-FAIL RMNI: rank=0.265  reason=[momentum_rank=0.265<0.7 | vol_ratio=0.68<1.2]
2026-09-25 18:03:12,367 INFO EVAL-FAIL DIN: rank=0.235  reason=[momentum_rank=0.235<0.7 | above_5ma=+0.017]
2026-09-25 18:03:12,367 INFO EVAL-FAIL JACK: rank=0.206  reason=[momentum_rank=0.206<0.7 | above_5ma=+0.001 | vol_ratio=0.78<1.2]
2026-09-25 18:03:12,367 INFO EVAL-FAIL PTLO: rank=0.176  reason=[momentum_rank=0.176<0.7 | vol_ratio=1.12<1.2]
2026-09-25 18:03:12,367 INFO EVAL-FAIL ACAD: rank=0.147  reason=[momentum_rank=0.147<0.7]
2026-09-25 18:03:12,367 INFO EVAL-FAIL PRAX: rank=0.118  reason=[momentum_rank=0.118<0.7]
2026-09-25 18:03:12,367 INFO EVAL-FAIL PLAY: rank=0.088  reason=[momentum_rank=0.088<0.7 | vol_ratio=0.73<1.2]
2026-09-25 18:03:12,367 INFO EVAL-FAIL GSHD: rank=0.059  reason=[momentum_rank=0.059<0.7]
2026-09-25 18:03:12,367 INFO EVAL-FAIL LESL: rank=0.029  reason=[momentum_rank=0.029<0.7]
2026-09-25 18:03:12,368 INFO --- 1 signals fired ---
2026-09-25 18:03:12,368 INFO SKIP-SIG VET: cooldown until 2026-10-03
2026-09-25 18:03:12,368 INFO 
--------------------------------------------------------------
  DATE         : 2026-09-25
  CASH         : $    8,915.99
  POSITION VAL : $        0.00
  EQUITY       : $    8,915.99
  OPEN POS     : 1 held  |  0 pending
  DAILY P&L    : $      +66.22
  TOTAL P&L    : $      -29.83  (-10.84%)
  TRADES TODAY : 1
--------------------------------------------------------------
