2026-10-01 19:00:04,110 INFO === Run: today=2026-10-01  signal_date=2026-09-30 ===
2026-10-01 19:00:04,110 INFO Fetching historical price data...
2026-10-01 19:00:07,035 ERROR HTTP Error 404: {"quoteSummary":{"result":null,"error":{"code":"Not Found","description":"Quote not found for symbol: CCRN"}}}
2026-10-01 19:00:07,155 ERROR $CCRN: possibly delisted; no timezone found
2026-10-01 19:00:07,348 ERROR HTTP Error 404: {"quoteSummary":{"result":null,"error":{"code":"Not Found","description":"Quote not found for symbol: CCRN"}}}
2026-10-01 19:00:07,447 ERROR $CCRN: possibly delisted; no timezone found
2026-10-01 19:00:07,447 ERROR 
1 Failed download:
2026-10-01 19:00:07,447 ERROR ['CCRN']: possibly delisted; no timezone found
2026-10-01 19:00:09,871 INFO Using signal bar: 2026-09-30
2026-10-01 19:00:09,872 INFO Fetching today's opens for 34 tickers...
2026-10-01 19:00:10,708 INFO Got opens for 34 tickers.
2026-10-01 19:00:10,709 INFO --- Processing 1 pending entries ---
2026-10-01 19:00:10,709 INFO FILLED  POWI  : 17.2397 sh @ $51.71  cost=$892.33  slip=$0.67
2026-10-01 19:00:10,709 INFO --- Checking exits for 3 open positions ---
2026-10-01 19:00:10,709 WARNING No H/L for CCRN on 2026-09-30 — skipping exit check
2026-10-01 19:00:10,709 INFO HOLD    TTGT: close=3.70  entry=3.74  peak=3.82  stop=3.52  tp=4.30
2026-10-01 19:00:10,709 INFO HOLD    POWI: just entered today
2026-10-01 19:00:10,709 INFO --- Generating signals for 2026-09-30 ---
2026-10-01 19:00:13,204 INFO --- Signal evaluation: 34 candidates ---
2026-10-01 19:00:13,204 INFO EVAL-FAIL MYGN: rank=1.000  reason=[above_5ma=+0.022 | vol_ratio=0.73<1.2]
2026-10-01 19:00:13,204 INFO EVAL-FAIL SJT: rank=0.971  reason=[above_5ma=+0.024 | vol_ratio=0.85<1.2]
2026-10-01 19:00:13,205 INFO EVAL-FAIL AGEN: rank=0.941  reason=[above_5ma=+0.073]
2026-10-01 19:00:13,205 INFO EVAL-FAIL ANGI: rank=0.912  reason=[above_5ma=+0.043 | vol_ratio=1.19<1.2]
2026-10-01 19:00:13,205 INFO EVAL-FAIL EGHT: rank=0.882  reason=[above_5ma=+0.002 | vol_ratio=1.09<1.2]
2026-10-01 19:00:13,205 INFO EVAL-FAIL NVAX: rank=0.853  reason=[above_5ma=+0.007 | vol_ratio=0.84<1.2]
2026-10-01 19:00:13,205 INFO EVAL-FAIL POWI: rank=0.824  reason=[above_5ma=+0.005]
2026-10-01 19:00:13,205 INFO EVAL-FAIL INVA: rank=0.794  reason=[above_5ma=+0.011 | vol_ratio=1.07<1.2]
2026-10-01 19:00:13,205 INFO EVAL-FAIL YEXT: rank=0.765  reason=[above_5ma=+0.001 | vol_ratio=0.74<1.2]
2026-10-01 19:00:13,205 INFO EVAL-PASS TTGT: rank=0.735  vol_ratio=2.36  pct_from_5ma=-0.016
2026-10-01 19:00:13,205 INFO EVAL-FAIL BMBL: rank=0.706  reason=[above_5ma=+0.006]
2026-10-01 19:00:13,206 INFO EVAL-FAIL FATE: rank=0.676  reason=[momentum_rank=0.676<0.7 | above_5ma=+0.003 | vol_ratio=0.70<1.2]
2026-10-01 19:00:13,206 INFO EVAL-FAIL KELYA: rank=0.647  reason=[momentum_rank=0.647<0.7 | vol_ratio=0.93<1.2]
2026-10-01 19:00:13,206 INFO EVAL-FAIL HLIO: rank=0.618  reason=[momentum_rank=0.618<0.7]
2026-10-01 19:00:13,206 INFO EVAL-FAIL IRWD: rank=0.588  reason=[momentum_rank=0.588<0.7 | vol_ratio=0.81<1.2]
2026-10-01 19:00:13,206 INFO EVAL-FAIL DRVN: rank=0.559  reason=[momentum_rank=0.559<0.7 | vol_ratio=0.75<1.2]
2026-10-01 19:00:13,206 INFO EVAL-FAIL CATO: rank=0.529  reason=[momentum_rank=0.529<0.7 | vol_ratio=0.29<1.2]
2026-10-01 19:00:13,206 INFO EVAL-FAIL TBI: rank=0.500  reason=[momentum_rank=0.500<0.7 | vol_ratio=0.60<1.2]
2026-10-01 19:00:13,206 INFO EVAL-FAIL SM: rank=0.471  reason=[momentum_rank=0.471<0.7 | vol_ratio=0.96<1.2]
2026-10-01 19:00:13,206 INFO EVAL-FAIL WHD: rank=0.441  reason=[momentum_rank=0.441<0.7 | vol_ratio=1.00<1.2]
2026-10-01 19:00:13,206 INFO EVAL-FAIL REI: rank=0.412  reason=[momentum_rank=0.412<0.7 | vol_ratio=0.47<1.2]
2026-10-01 19:00:13,207 INFO EVAL-FAIL VET: rank=0.382  reason=[momentum_rank=0.382<0.7 | vol_ratio=0.90<1.2]
2026-10-01 19:00:13,207 INFO EVAL-FAIL DIN: rank=0.353  reason=[momentum_rank=0.353<0.7]
2026-10-01 19:00:13,207 INFO EVAL-FAIL JACK: rank=0.324  reason=[momentum_rank=0.324<0.7 | vol_ratio=0.73<1.2]
2026-10-01 19:00:13,207 INFO EVAL-FAIL AMPY: rank=0.294  reason=[momentum_rank=0.294<0.7]
2026-10-01 19:00:13,207 INFO EVAL-FAIL GPOR: rank=0.265  reason=[momentum_rank=0.265<0.7 | vol_ratio=0.95<1.2]
2026-10-01 19:00:13,207 INFO EVAL-FAIL PRAX: rank=0.235  reason=[momentum_rank=0.235<0.7 | above_5ma=+0.025]
2026-10-01 19:00:13,207 INFO EVAL-FAIL RMNI: rank=0.206  reason=[momentum_rank=0.206<0.7 | above_5ma=+0.008 | vol_ratio=0.70<1.2]
2026-10-01 19:00:13,207 INFO EVAL-FAIL NCNO: rank=0.176  reason=[momentum_rank=0.176<0.7 | vol_ratio=0.96<1.2]
2026-10-01 19:00:13,207 INFO EVAL-FAIL PTLO: rank=0.147  reason=[momentum_rank=0.147<0.7 | vol_ratio=0.84<1.2]
2026-10-01 19:00:13,207 INFO EVAL-FAIL PLAY: rank=0.118  reason=[momentum_rank=0.118<0.7 | vol_ratio=0.52<1.2]
2026-10-01 19:00:13,208 INFO EVAL-FAIL ACAD: rank=0.088  reason=[momentum_rank=0.088<0.7]
2026-10-01 19:00:13,208 INFO EVAL-FAIL GSHD: rank=0.059  reason=[momentum_rank=0.059<0.7 | above_5ma=+0.019]
2026-10-01 19:00:13,208 INFO EVAL-FAIL LESL: rank=0.029  reason=[momentum_rank=0.029<0.7]
2026-10-01 19:00:13,208 INFO --- 1 signals fired ---
2026-10-01 19:00:13,209 INFO SKIP-SIG TTGT: already in position
2026-10-01 19:00:13,209 INFO 
--------------------------------------------------------------
  DATE         : 2026-10-01
  CASH         : $    7,131.16
  POSITION VAL : $    1,774.42
  EQUITY       : $    8,905.58
  OPEN POS     : 3 held  |  0 pending
  DAILY P&L    : $       +0.00
  TOTAL P&L    : $      -29.83  (-10.94%)
  TRADES TODAY : 1
--------------------------------------------------------------
