2026-08-03 16:04:26,920 INFO === Run: today=2026-08-03  signal_date=2026-07-31 ===
2026-08-03 16:04:26,920 INFO Fetching historical price data...
2026-08-03 16:04:34,813 INFO Using signal bar: 2026-07-31
2026-08-03 16:04:34,813 INFO Fetching today's opens for 34 tickers...
2026-08-03 16:04:36,866 INFO Got opens for 34 tickers.
2026-08-03 16:04:36,866 INFO --- Processing 1 pending entries ---
2026-08-03 16:04:36,866 INFO FILLED  GSHD  : 14.5140 sh @ $62.62  cost=$909.73  slip=$0.68
2026-08-03 16:04:36,866 INFO --- Checking exits for 3 open positions ---
2026-08-03 16:04:36,866 WARNING No H/L for CCRN on 2026-07-31 — skipping exit check
2026-08-03 16:04:36,866 INFO HOLD    VET: close=11.92  entry=11.56  peak=11.92  stop=10.87  tp=13.29
2026-08-03 16:04:36,866 INFO HOLD    GSHD: just entered today
2026-08-03 16:04:36,866 INFO --- Generating signals for 2026-07-31 ---
2026-08-03 16:04:38,836 INFO --- Signal evaluation: 34 candidates ---
2026-08-03 16:04:38,836 INFO EVAL-FAIL VET: rank=1.000  reason=[above_5ma=+0.080]
2026-08-03 16:04:38,836 INFO EVAL-FAIL WHD: rank=0.971  reason=[above_5ma=+0.135]
2026-08-03 16:04:38,836 INFO EVAL-FAIL SM: rank=0.941  reason=[above_5ma=+0.043 | vol_ratio=0.73<1.2]
2026-08-03 16:04:38,836 INFO EVAL-FAIL GSHD: rank=0.912  reason=[vol_ratio=1.07<1.2]
2026-08-03 16:04:38,836 INFO EVAL-FAIL REI: rank=0.882  reason=[above_5ma=+0.035 | vol_ratio=0.81<1.2]
2026-08-03 16:04:38,836 INFO EVAL-PASS KELYA: rank=0.853  vol_ratio=1.64  pct_from_5ma=-0.043
2026-08-03 16:04:38,837 INFO EVAL-FAIL TTGT: rank=0.824  reason=[above_5ma=+0.031 | vol_ratio=1.20<1.2]
2026-08-03 16:04:38,837 INFO EVAL-FAIL YEXT: rank=0.794  reason=[vol_ratio=0.59<1.2]
2026-08-03 16:04:38,837 INFO EVAL-PASS RMNI: rank=0.765  vol_ratio=2.32  pct_from_5ma=-0.007
2026-08-03 16:04:38,837 INFO EVAL-FAIL TBI: rank=0.735  reason=[vol_ratio=0.68<1.2]
2026-08-03 16:04:38,837 INFO EVAL-FAIL DOMO: rank=0.706  reason=[above_5ma=+0.005 | vol_ratio=0.17<1.2]
2026-08-03 16:04:38,837 INFO EVAL-FAIL NCNO: rank=0.676  reason=[momentum_rank=0.676<0.7 | above_5ma=+0.005 | vol_ratio=0.78<1.2]
2026-08-03 16:04:38,837 INFO EVAL-FAIL EGHT: rank=0.647  reason=[momentum_rank=0.647<0.7 | above_5ma=+0.002 | vol_ratio=0.65<1.2]
2026-08-03 16:04:38,837 INFO EVAL-FAIL CATO: rank=0.618  reason=[momentum_rank=0.618<0.7 | above_5ma=+0.029 | vol_ratio=0.47<1.2]
2026-08-03 16:04:38,837 INFO EVAL-FAIL ACAD: rank=0.588  reason=[momentum_rank=0.588<0.7 | vol_ratio=1.08<1.2]
2026-08-03 16:04:38,837 INFO EVAL-FAIL DRVN: rank=0.559  reason=[momentum_rank=0.559<0.7 | vol_ratio=0.77<1.2]
2026-08-03 16:04:38,837 INFO EVAL-FAIL DIN: rank=0.529  reason=[momentum_rank=0.529<0.7 | vol_ratio=0.73<1.2]
2026-08-03 16:04:38,837 INFO EVAL-FAIL PLAY: rank=0.500  reason=[momentum_rank=0.500<0.7 | above_5ma=+0.028 | vol_ratio=0.80<1.2]
2026-08-03 16:04:38,837 INFO EVAL-FAIL AMPY: rank=0.471  reason=[momentum_rank=0.471<0.7 | above_5ma=+0.034 | vol_ratio=0.64<1.2]
2026-08-03 16:04:38,837 INFO EVAL-FAIL IRWD: rank=0.441  reason=[momentum_rank=0.441<0.7 | above_5ma=+0.100]
2026-08-03 16:04:38,838 INFO EVAL-FAIL PRAX: rank=0.412  reason=[momentum_rank=0.412<0.7 | above_5ma=+0.014 | vol_ratio=1.09<1.2]
2026-08-03 16:04:38,838 INFO EVAL-FAIL GPOR: rank=0.382  reason=[momentum_rank=0.382<0.7 | above_5ma=+0.031 | vol_ratio=0.80<1.2]
2026-08-03 16:04:38,838 INFO EVAL-FAIL JACK: rank=0.353  reason=[momentum_rank=0.353<0.7 | above_5ma=+0.010 | vol_ratio=0.74<1.2]
2026-08-03 16:04:38,838 INFO EVAL-FAIL HLIO: rank=0.324  reason=[momentum_rank=0.324<0.7 | above_5ma=+0.008 | vol_ratio=0.70<1.2]
2026-08-03 16:04:38,838 INFO EVAL-FAIL INVA: rank=0.294  reason=[momentum_rank=0.294<0.7 | vol_ratio=0.67<1.2]
2026-08-03 16:04:38,838 INFO EVAL-FAIL ANGI: rank=0.265  reason=[momentum_rank=0.265<0.7]
2026-08-03 16:04:38,838 INFO EVAL-FAIL PTLO: rank=0.235  reason=[momentum_rank=0.235<0.7 | vol_ratio=0.69<1.2]
2026-08-03 16:04:38,838 INFO EVAL-FAIL BMBL: rank=0.206  reason=[momentum_rank=0.206<0.7 | vol_ratio=0.93<1.2]
2026-08-03 16:04:38,838 INFO EVAL-FAIL FATE: rank=0.176  reason=[momentum_rank=0.176<0.7 | above_5ma=+0.015 | vol_ratio=0.61<1.2]
2026-08-03 16:04:38,838 INFO EVAL-FAIL POWI: rank=0.147  reason=[momentum_rank=0.147<0.7 | above_5ma=+0.009 | vol_ratio=0.81<1.2]
2026-08-03 16:04:38,838 INFO EVAL-FAIL SJT: rank=0.118  reason=[momentum_rank=0.118<0.7 | vol_ratio=0.91<1.2]
2026-08-03 16:04:38,838 INFO EVAL-FAIL NVAX: rank=0.088  reason=[momentum_rank=0.088<0.7 | vol_ratio=1.09<1.2]
2026-08-03 16:04:38,839 INFO EVAL-FAIL MYGN: rank=0.059  reason=[momentum_rank=0.059<0.7]
2026-08-03 16:04:38,839 INFO EVAL-FAIL LESL: rank=0.029  reason=[momentum_rank=0.029<0.7]
2026-08-03 16:04:38,839 INFO --- 2 signals fired ---
2026-08-03 16:04:38,840 INFO QUEUED  KELYA: rank=0.853  size=$911.14 → fill tomorrow at open
2026-08-03 16:04:38,840 INFO QUEUED  RMNI: rank=0.765  size=$911.14 → fill tomorrow at open
2026-08-03 16:04:38,840 INFO 
--------------------------------------------------------------
  DATE         : 2026-08-03
  CASH         : $    7,273.75
  POSITION VAL : $    1,837.68
  EQUITY       : $    9,111.42
  OPEN POS     : 3 held  |  2 pending
  DAILY P&L    : $       +0.00
  TOTAL P&L    : $     +118.96  (-8.89%)
  TRADES TODAY : 1
--------------------------------------------------------------
