2026-07-30 15:33:57,476 INFO === Run: today=2026-07-30  signal_date=2026-07-29 ===
2026-07-30 15:33:57,477 INFO Fetching historical price data...
2026-07-30 15:34:02,261 INFO Using signal bar: 2026-07-29
2026-07-30 15:34:02,261 INFO Fetching today's opens for 34 tickers...
2026-07-30 15:34:03,084 INFO Got opens for 34 tickers.
2026-07-30 15:34:03,084 INFO --- Processing 0 pending entries ---
2026-07-30 15:34:03,084 INFO --- Checking exits for 1 open positions ---
2026-07-30 15:34:03,084 WARNING No H/L for CCRN on 2026-07-29 — skipping exit check
2026-07-30 15:34:03,084 INFO --- Generating signals for 2026-07-29 ---
2026-07-30 15:34:05,494 INFO --- Signal evaluation: 34 candidates ---
2026-07-30 15:34:05,494 INFO EVAL-FAIL GSHD: rank=1.000  reason=[above_5ma=+0.125]
2026-07-30 15:34:05,494 INFO EVAL-FAIL KELYA: rank=0.971  reason=[above_5ma=+0.015 | vol_ratio=1.08<1.2]
2026-07-30 15:34:05,494 INFO EVAL-FAIL TTGT: rank=0.941  reason=[above_5ma=+0.144]
2026-07-30 15:34:05,495 INFO EVAL-FAIL YEXT: rank=0.912  reason=[above_5ma=+0.067 | vol_ratio=0.68<1.2]
2026-07-30 15:34:05,495 INFO EVAL-FAIL SM: rank=0.882  reason=[above_5ma=+0.002 | vol_ratio=0.79<1.2]
2026-07-30 15:34:05,495 INFO EVAL-FAIL DOMO: rank=0.853  reason=[vol_ratio=0.39<1.2]
2026-07-30 15:34:05,495 INFO EVAL-FAIL RMNI: rank=0.824  reason=[above_5ma=+0.064]
2026-07-30 15:34:05,495 INFO EVAL-PASS VET: rank=0.794  vol_ratio=1.20  pct_from_5ma=-0.004
2026-07-30 15:34:05,495 INFO EVAL-FAIL EGHT: rank=0.765  reason=[above_5ma=+0.084 | vol_ratio=0.66<1.2]
2026-07-30 15:34:05,495 INFO EVAL-FAIL NCNO: rank=0.735  reason=[above_5ma=+0.073 | vol_ratio=1.18<1.2]
2026-07-30 15:34:05,495 INFO EVAL-FAIL REI: rank=0.706  reason=[vol_ratio=0.88<1.2]
2026-07-30 15:34:05,495 INFO EVAL-FAIL DRVN: rank=0.676  reason=[momentum_rank=0.676<0.7 | above_5ma=+0.045 | vol_ratio=0.62<1.2]
2026-07-30 15:34:05,495 INFO EVAL-FAIL TBI: rank=0.647  reason=[momentum_rank=0.647<0.7 | vol_ratio=0.63<1.2]
2026-07-30 15:34:05,496 INFO EVAL-FAIL JACK: rank=0.618  reason=[momentum_rank=0.618<0.7 | above_5ma=+0.075 | vol_ratio=0.96<1.2]
2026-07-30 15:34:05,496 INFO EVAL-FAIL ACAD: rank=0.588  reason=[momentum_rank=0.588<0.7 | above_5ma=+0.034]
2026-07-30 15:34:05,496 INFO EVAL-FAIL ANGI: rank=0.559  reason=[momentum_rank=0.559<0.7 | above_5ma=+0.044 | vol_ratio=0.96<1.2]
2026-07-30 15:34:05,496 INFO EVAL-FAIL WHD: rank=0.529  reason=[momentum_rank=0.529<0.7 | vol_ratio=1.01<1.2]
2026-07-30 15:34:05,496 INFO EVAL-FAIL CATO: rank=0.500  reason=[momentum_rank=0.500<0.7 | above_5ma=+0.001]
2026-07-30 15:34:05,496 INFO EVAL-FAIL DIN: rank=0.471  reason=[momentum_rank=0.471<0.7 | above_5ma=+0.036 | vol_ratio=0.77<1.2]
2026-07-30 15:34:05,496 INFO EVAL-FAIL PTLO: rank=0.441  reason=[momentum_rank=0.441<0.7 | above_5ma=+0.044 | vol_ratio=0.87<1.2]
2026-07-30 15:34:05,496 INFO EVAL-FAIL AMPY: rank=0.412  reason=[momentum_rank=0.412<0.7 | vol_ratio=0.76<1.2]
2026-07-30 15:34:05,496 INFO EVAL-FAIL INVA: rank=0.382  reason=[momentum_rank=0.382<0.7 | above_5ma=+0.007 | vol_ratio=0.69<1.2]
2026-07-30 15:34:05,496 INFO EVAL-FAIL BMBL: rank=0.353  reason=[momentum_rank=0.353<0.7 | above_5ma=+0.021 | vol_ratio=0.75<1.2]
2026-07-30 15:34:05,497 INFO EVAL-FAIL GPOR: rank=0.324  reason=[momentum_rank=0.324<0.7 | above_5ma=+0.006 | vol_ratio=0.65<1.2]
2026-07-30 15:34:05,497 INFO EVAL-FAIL PLAY: rank=0.294  reason=[momentum_rank=0.294<0.7 | above_5ma=+0.011 | vol_ratio=0.73<1.2]
2026-07-30 15:34:05,497 INFO EVAL-FAIL MYGN: rank=0.265  reason=[momentum_rank=0.265<0.7]
2026-07-30 15:34:05,497 INFO EVAL-FAIL FATE: rank=0.235  reason=[momentum_rank=0.235<0.7 | vol_ratio=0.40<1.2]
2026-07-30 15:34:05,497 INFO EVAL-FAIL PRAX: rank=0.206  reason=[momentum_rank=0.206<0.7 | vol_ratio=0.95<1.2]
2026-07-30 15:34:05,497 INFO EVAL-FAIL IRWD: rank=0.176  reason=[momentum_rank=0.176<0.7 | vol_ratio=0.59<1.2]
2026-07-30 15:34:05,497 INFO EVAL-FAIL HLIO: rank=0.147  reason=[momentum_rank=0.147<0.7]
2026-07-30 15:34:05,497 INFO EVAL-FAIL SJT: rank=0.118  reason=[momentum_rank=0.118<0.7 | above_5ma=+0.011 | vol_ratio=0.73<1.2]
2026-07-30 15:34:05,497 INFO EVAL-FAIL NVAX: rank=0.088  reason=[momentum_rank=0.088<0.7 | vol_ratio=0.71<1.2]
2026-07-30 15:34:05,497 INFO EVAL-FAIL POWI: rank=0.059  reason=[momentum_rank=0.059<0.7 | vol_ratio=1.00<1.2]
2026-07-30 15:34:05,498 INFO EVAL-FAIL LESL: rank=0.029  reason=[momentum_rank=0.029<0.7 | vol_ratio=0.90<1.2]
2026-07-30 15:34:05,498 INFO --- 1 signals fired ---
2026-07-30 15:34:05,498 INFO QUEUED  VET: rank=0.794  size=$909.38 → fill tomorrow at open
2026-07-30 15:34:05,499 INFO 
--------------------------------------------------------------
  DATE         : 2026-07-30
  CASH         : $    9,093.77
  POSITION VAL : $        0.00
  EQUITY       : $    9,093.77
  OPEN POS     : 1 held  |  1 pending
  DAILY P&L    : $       +0.00
  TOTAL P&L    : $     +118.96  (-9.06%)
  TRADES TODAY : 0
--------------------------------------------------------------
