2026-09-14 18:50:18,001 INFO === Run: today=2026-09-14  signal_date=2026-09-11 ===
2026-09-14 18:50:18,001 INFO Fetching historical price data...
2026-09-14 18:50:25,454 INFO Using signal bar: 2026-09-11
2026-09-14 18:50:25,454 INFO Fetching today's opens for 35 tickers...
2026-09-14 18:50:26,729 INFO Got opens for 35 tickers.
2026-09-14 18:50:26,729 INFO --- Processing 0 pending entries ---
2026-09-14 18:50:26,730 INFO --- Checking exits for 3 open positions ---
2026-09-14 18:50:26,730 WARNING No H/L for CCRN on 2026-09-11 — skipping exit check
2026-09-14 18:50:26,730 INFO HOLD    REI: close=1.53  entry=1.53  peak=1.55  stop=1.44  tp=1.76
2026-09-14 18:50:26,730 INFO HOLD    ANGI: close=4.72  entry=4.54  peak=4.73  stop=4.27  tp=5.22
2026-09-14 18:50:26,730 INFO --- Generating signals for 2026-09-11 ---
2026-09-14 18:50:29,121 INFO --- Signal evaluation: 35 candidates ---
2026-09-14 18:50:29,121 INFO EVAL-FAIL SM: rank=1.000  reason=[above_5ma=+0.011 | vol_ratio=0.99<1.2]
2026-09-14 18:50:29,121 INFO EVAL-FAIL VET: rank=0.971  reason=[above_5ma=+0.004 | vol_ratio=0.92<1.2]
2026-09-14 18:50:29,122 INFO EVAL-FAIL NVAX: rank=0.943  reason=[vol_ratio=1.08<1.2]
2026-09-14 18:50:29,122 INFO EVAL-FAIL SJT: rank=0.914  reason=[above_5ma=+0.042 | vol_ratio=0.61<1.2]
2026-09-14 18:50:29,122 INFO EVAL-FAIL REI: rank=0.886  reason=[above_5ma=+0.009 | vol_ratio=1.11<1.2]
2026-09-14 18:50:29,122 INFO EVAL-FAIL BMBL: rank=0.857  reason=[above_5ma=+0.016 | vol_ratio=1.10<1.2]
2026-09-14 18:50:29,122 INFO EVAL-FAIL MYGN: rank=0.829  reason=[above_5ma=+0.046]
2026-09-14 18:50:29,122 INFO EVAL-FAIL YEXT: rank=0.800  reason=[above_5ma=+0.011 | vol_ratio=0.73<1.2]
2026-09-14 18:50:29,122 INFO EVAL-FAIL NCNO: rank=0.771  reason=[vol_ratio=0.88<1.2]
2026-09-14 18:50:29,122 INFO EVAL-FAIL AMPY: rank=0.743  reason=[vol_ratio=0.66<1.2]
2026-09-14 18:50:29,122 INFO EVAL-FAIL GPOR: rank=0.714  reason=[vol_ratio=0.90<1.2]
2026-09-14 18:50:29,123 INFO EVAL-FAIL TTGT: rank=0.686  reason=[momentum_rank=0.686<0.7 | vol_ratio=0.69<1.2]
2026-09-14 18:50:29,123 INFO EVAL-FAIL IRWD: rank=0.657  reason=[momentum_rank=0.657<0.7 | vol_ratio=0.81<1.2]
2026-09-14 18:50:29,123 INFO EVAL-FAIL INVA: rank=0.629  reason=[momentum_rank=0.629<0.7 | vol_ratio=1.14<1.2]
2026-09-14 18:50:29,123 INFO EVAL-FAIL AGEN: rank=0.600  reason=[momentum_rank=0.600<0.7 | vol_ratio=0.76<1.2]
2026-09-14 18:50:29,123 INFO EVAL-FAIL ACAD: rank=0.571  reason=[momentum_rank=0.571<0.7 | above_5ma=+0.002 | vol_ratio=0.85<1.2]
2026-09-14 18:50:29,123 INFO EVAL-FAIL KELYA: rank=0.543  reason=[momentum_rank=0.543<0.7 | vol_ratio=0.67<1.2]
2026-09-14 18:50:29,123 INFO EVAL-FAIL ANGI: rank=0.514  reason=[momentum_rank=0.514<0.7 | vol_ratio=0.83<1.2]
2026-09-14 18:50:29,123 INFO EVAL-FAIL WHD: rank=0.486  reason=[momentum_rank=0.486<0.7 | above_5ma=+0.001 | vol_ratio=0.97<1.2]
2026-09-14 18:50:29,123 INFO EVAL-FAIL DOMO: rank=0.457  reason=[momentum_rank=0.457<0.7 | above_5ma=+0.003 | vol_ratio=1.19<1.2]
2026-09-14 18:50:29,123 INFO EVAL-FAIL DRVN: rank=0.429  reason=[momentum_rank=0.429<0.7 | vol_ratio=0.81<1.2]
2026-09-14 18:50:29,123 INFO EVAL-FAIL FATE: rank=0.400  reason=[momentum_rank=0.400<0.7 | vol_ratio=0.58<1.2]
2026-09-14 18:50:29,124 INFO EVAL-FAIL PRAX: rank=0.371  reason=[momentum_rank=0.371<0.7 | vol_ratio=0.55<1.2]
2026-09-14 18:50:29,124 INFO EVAL-FAIL RMNI: rank=0.343  reason=[momentum_rank=0.343<0.7 | vol_ratio=0.58<1.2]
2026-09-14 18:50:29,124 INFO EVAL-FAIL EGHT: rank=0.314  reason=[momentum_rank=0.314<0.7 | above_5ma=+0.003]
2026-09-14 18:50:29,124 INFO EVAL-FAIL HLIO: rank=0.286  reason=[momentum_rank=0.286<0.7 | above_5ma=+0.002 | vol_ratio=0.97<1.2]
2026-09-14 18:50:29,124 INFO EVAL-FAIL TBI: rank=0.257  reason=[momentum_rank=0.257<0.7]
2026-09-14 18:50:29,124 INFO EVAL-FAIL GSHD: rank=0.229  reason=[momentum_rank=0.229<0.7 | vol_ratio=0.62<1.2]
2026-09-14 18:50:29,124 INFO EVAL-FAIL POWI: rank=0.200  reason=[momentum_rank=0.200<0.7 | above_5ma=+0.035]
2026-09-14 18:50:29,124 INFO EVAL-FAIL DIN: rank=0.171  reason=[momentum_rank=0.171<0.7]
2026-09-14 18:50:29,124 INFO EVAL-FAIL PTLO: rank=0.143  reason=[momentum_rank=0.143<0.7 | vol_ratio=0.89<1.2]
2026-09-14 18:50:29,124 INFO EVAL-FAIL JACK: rank=0.114  reason=[momentum_rank=0.114<0.7 | vol_ratio=0.72<1.2]
2026-09-14 18:50:29,125 INFO EVAL-FAIL PLAY: rank=0.086  reason=[momentum_rank=0.086<0.7 | vol_ratio=0.95<1.2]
2026-09-14 18:50:29,125 INFO EVAL-FAIL CATO: rank=0.057  reason=[momentum_rank=0.057<0.7 | vol_ratio=0.43<1.2]
2026-09-14 18:50:29,125 INFO EVAL-FAIL LESL: rank=0.029  reason=[momentum_rank=0.029<0.7 | vol_ratio=0.22<1.2]
2026-09-14 18:50:29,125 INFO --- 0 signals fired ---
2026-09-14 18:50:29,126 INFO 
--------------------------------------------------------------
  DATE         : 2026-09-14
  CASH         : $    7,289.31
  POSITION VAL : $    1,857.52
  EQUITY       : $    9,146.83
  OPEN POS     : 3 held  |  0 pending
  DAILY P&L    : $       +0.00
  TOTAL P&L    : $     +151.91  (-8.53%)
  TRADES TODAY : 0
--------------------------------------------------------------
