2026-10-09 18:57:06,603 INFO === Run: today=2026-10-09  signal_date=2026-10-08 ===
2026-10-09 18:57:06,603 INFO Fetching historical price data...
2026-10-09 18:57:10,332 ERROR HTTP Error 404: {"quoteSummary":{"result":null,"error":{"code":"Not Found","description":"Quote not found for symbol: CCRN"}}}
2026-10-09 18:57:10,448 ERROR $CCRN: possibly delisted; no timezone found
2026-10-09 18:57:10,631 ERROR HTTP Error 404: {"quoteSummary":{"result":null,"error":{"code":"Not Found","description":"Quote not found for symbol: CCRN"}}}
2026-10-09 18:57:10,762 ERROR $CCRN: possibly delisted; no timezone found
2026-10-09 18:57:10,763 ERROR 
1 Failed download:
2026-10-09 18:57:10,763 ERROR ['CCRN']: possibly delisted; no timezone found
2026-10-09 18:57:14,272 INFO Using signal bar: 2026-10-08
2026-10-09 18:57:14,273 INFO Fetching today's opens for 34 tickers...
2026-10-09 18:57:14,755 ERROR $LESL: possibly delisted; no price data found  (1d 2026-10-09 -> 2026-10-10)
2026-10-09 18:57:15,427 ERROR 
1 Failed download:
2026-10-09 18:57:15,427 ERROR ['LESL']: possibly delisted; no price data found  (1d 2026-10-09 -> 2026-10-10)
2026-10-09 18:57:15,434 INFO Got opens for 33 tickers.
2026-10-09 18:57:15,434 INFO --- Processing 0 pending entries ---
2026-10-09 18:57:15,434 INFO --- Checking exits for 1 open positions ---
2026-10-09 18:57:15,434 WARNING No H/L for CCRN on 2026-10-08 — skipping exit check
2026-10-09 18:57:15,434 INFO --- Generating signals for 2026-10-08 ---
2026-10-09 18:57:16,348 INFO --- Signal evaluation: 34 candidates ---
2026-10-09 18:57:16,348 INFO EVAL-FAIL ANGI: rank=1.000  reason=[above_5ma=+0.031 | vol_ratio=1.04<1.2]
2026-10-09 18:57:16,348 INFO EVAL-FAIL MYGN: rank=0.971  reason=[vol_ratio=1.02<1.2]
2026-10-09 18:57:16,348 INFO EVAL-FAIL SJT: rank=0.941  reason=[above_5ma=+0.006 | vol_ratio=0.50<1.2]
2026-10-09 18:57:16,348 INFO EVAL-FAIL EGHT: rank=0.912  reason=[vol_ratio=0.97<1.2]
2026-10-09 18:57:16,348 INFO EVAL-FAIL NVAX: rank=0.882  reason=[vol_ratio=0.85<1.2]
2026-10-09 18:57:16,348 INFO EVAL-FAIL AGEN: rank=0.853  reason=[vol_ratio=1.03<1.2]
2026-10-09 18:57:16,348 INFO EVAL-FAIL YEXT: rank=0.824  reason=[above_5ma=+0.029 | vol_ratio=0.75<1.2]
2026-10-09 18:57:16,348 INFO EVAL-FAIL TTGT: rank=0.794  reason=[above_5ma=+0.084]
2026-10-09 18:57:16,348 INFO EVAL-FAIL DIN: rank=0.765  reason=[vol_ratio=0.99<1.2]
2026-10-09 18:57:16,348 INFO EVAL-FAIL KELYA: rank=0.735  reason=[above_5ma=+0.021]
2026-10-09 18:57:16,349 INFO EVAL-FAIL INVA: rank=0.706  reason=[above_5ma=+0.004 | vol_ratio=0.59<1.2]
2026-10-09 18:57:16,349 INFO EVAL-FAIL TBI: rank=0.676  reason=[momentum_rank=0.676<0.7 | above_5ma=+0.013 | vol_ratio=1.00<1.2]
2026-10-09 18:57:16,349 INFO EVAL-FAIL POWI: rank=0.647  reason=[momentum_rank=0.647<0.7 | vol_ratio=0.94<1.2]
2026-10-09 18:57:16,349 INFO EVAL-FAIL HLIO: rank=0.618  reason=[momentum_rank=0.618<0.7 | vol_ratio=1.13<1.2]
2026-10-09 18:57:16,349 INFO EVAL-FAIL CATO: rank=0.588  reason=[momentum_rank=0.588<0.7 | vol_ratio=0.57<1.2]
2026-10-09 18:57:16,349 INFO EVAL-FAIL IRWD: rank=0.559  reason=[momentum_rank=0.559<0.7 | above_5ma=+0.044 | vol_ratio=1.06<1.2]
2026-10-09 18:57:16,349 INFO EVAL-FAIL SM: rank=0.529  reason=[momentum_rank=0.529<0.7 | above_5ma=+0.043 | vol_ratio=1.09<1.2]
2026-10-09 18:57:16,349 INFO EVAL-FAIL DRVN: rank=0.500  reason=[momentum_rank=0.500<0.7 | above_5ma=+0.005 | vol_ratio=0.95<1.2]
2026-10-09 18:57:16,349 INFO EVAL-FAIL PTLO: rank=0.471  reason=[momentum_rank=0.471<0.7 | above_5ma=+0.052]
2026-10-09 18:57:16,349 INFO EVAL-FAIL GPOR: rank=0.441  reason=[momentum_rank=0.441<0.7 | above_5ma=+0.029]
2026-10-09 18:57:16,349 INFO EVAL-FAIL WHD: rank=0.412  reason=[momentum_rank=0.412<0.7 | vol_ratio=0.86<1.2]
2026-10-09 18:57:16,349 INFO EVAL-FAIL AMPY: rank=0.382  reason=[momentum_rank=0.382<0.7 | above_5ma=+0.026 | vol_ratio=1.11<1.2]
2026-10-09 18:57:16,349 INFO EVAL-FAIL NCNO: rank=0.353  reason=[momentum_rank=0.353<0.7 | above_5ma=+0.027 | vol_ratio=1.04<1.2]
2026-10-09 18:57:16,349 INFO EVAL-FAIL FATE: rank=0.324  reason=[momentum_rank=0.324<0.7 | vol_ratio=0.89<1.2]
2026-10-09 18:57:16,349 INFO EVAL-FAIL RMNI: rank=0.294  reason=[momentum_rank=0.294<0.7 | vol_ratio=0.61<1.2]
2026-10-09 18:57:16,349 INFO EVAL-FAIL VET: rank=0.265  reason=[momentum_rank=0.265<0.7 | above_5ma=+0.015 | vol_ratio=0.90<1.2]
2026-10-09 18:57:16,349 INFO EVAL-FAIL REI: rank=0.235  reason=[momentum_rank=0.235<0.7 | above_5ma=+0.012]
2026-10-09 18:57:16,349 INFO EVAL-FAIL BMBL: rank=0.206  reason=[momentum_rank=0.206<0.7 | above_5ma=+0.013]
2026-10-09 18:57:16,349 INFO EVAL-FAIL PLAY: rank=0.176  reason=[momentum_rank=0.176<0.7 | above_5ma=+0.028 | vol_ratio=0.60<1.2]
2026-10-09 18:57:16,349 INFO EVAL-FAIL JACK: rank=0.147  reason=[momentum_rank=0.147<0.7 | above_5ma=+0.007]
2026-10-09 18:57:16,349 INFO EVAL-FAIL GSHD: rank=0.118  reason=[momentum_rank=0.118<0.7 | above_5ma=+0.012 | vol_ratio=0.95<1.2]
2026-10-09 18:57:16,349 INFO EVAL-FAIL PRAX: rank=0.088  reason=[momentum_rank=0.088<0.7]
2026-10-09 18:57:16,349 INFO EVAL-FAIL ACAD: rank=0.059  reason=[momentum_rank=0.059<0.7 | vol_ratio=0.81<1.2]
2026-10-09 18:57:16,349 INFO EVAL-FAIL LESL: rank=0.029  reason=[momentum_rank=0.029<0.7 | vol_ratio=0.04<1.2]
2026-10-09 18:57:16,350 INFO --- 0 signals fired ---
2026-10-09 18:57:16,350 INFO 
--------------------------------------------------------------
  DATE         : 2026-10-09
  CASH         : $    8,834.92
  POSITION VAL : $        0.00
  EQUITY       : $    8,834.92
  OPEN POS     : 1 held  |  0 pending
  DAILY P&L    : $       +0.00
  TOTAL P&L    : $     -105.63  (-11.65%)
  TRADES TODAY : 0
--------------------------------------------------------------
