2026-08-31 19:35:35,084 INFO === Run: today=2026-08-31  signal_date=2026-08-28 ===
2026-08-31 19:35:35,084 INFO Fetching historical price data...
2026-08-31 19:35:40,332 INFO Using signal bar: 2026-08-28
2026-08-31 19:35:40,332 INFO Fetching today's opens for 35 tickers...
2026-08-31 19:35:41,120 INFO Got opens for 35 tickers.
2026-08-31 19:35:41,120 INFO --- Processing 0 pending entries ---
2026-08-31 19:35:41,120 INFO --- Checking exits for 1 open positions ---
2026-08-31 19:35:41,120 WARNING No H/L for CCRN on 2026-08-28 — skipping exit check
2026-08-31 19:35:41,120 INFO --- Generating signals for 2026-08-28 ---
2026-08-31 19:35:43,462 INFO --- Signal evaluation: 35 candidates ---
2026-08-31 19:35:43,462 INFO EVAL-FAIL TBI: rank=1.000  reason=[above_5ma=+0.005 | vol_ratio=0.58<1.2]
2026-08-31 19:35:43,462 INFO EVAL-FAIL YEXT: rank=0.971  reason=[above_5ma=+0.038]
2026-08-31 19:35:43,462 INFO EVAL-FAIL NVAX: rank=0.943  reason=[above_5ma=+0.011 | vol_ratio=0.94<1.2]
2026-08-31 19:35:43,462 INFO EVAL-FAIL NCNO: rank=0.914  reason=[above_5ma=+0.049 | vol_ratio=1.01<1.2]
2026-08-31 19:35:43,462 INFO EVAL-FAIL AMPY: rank=0.886  reason=[above_5ma=+0.013 | vol_ratio=0.49<1.2]
2026-08-31 19:35:43,462 INFO EVAL-FAIL RMNI: rank=0.857  reason=[above_5ma=+0.063]
2026-08-31 19:35:43,463 INFO EVAL-FAIL KELYA: rank=0.829  reason=[above_5ma=+0.014 | vol_ratio=0.93<1.2]
2026-08-31 19:35:43,463 INFO EVAL-FAIL REI: rank=0.800  reason=[above_5ma=+0.005 | vol_ratio=0.63<1.2]
2026-08-31 19:35:43,463 INFO EVAL-FAIL GSHD: rank=0.771  reason=[vol_ratio=0.57<1.2]
2026-08-31 19:35:43,463 INFO EVAL-FAIL SM: rank=0.743  reason=[above_5ma=+0.012 | vol_ratio=1.13<1.2]
2026-08-31 19:35:43,463 INFO EVAL-FAIL ACAD: rank=0.714  reason=[vol_ratio=0.85<1.2]
2026-08-31 19:35:43,463 INFO EVAL-FAIL PRAX: rank=0.686  reason=[momentum_rank=0.686<0.7 | vol_ratio=0.66<1.2]
2026-08-31 19:35:43,463 INFO EVAL-FAIL MYGN: rank=0.657  reason=[momentum_rank=0.657<0.7 | above_5ma=+0.006 | vol_ratio=0.68<1.2]
2026-08-31 19:35:43,463 INFO EVAL-FAIL GPOR: rank=0.629  reason=[momentum_rank=0.629<0.7 | above_5ma=+0.008 | vol_ratio=0.58<1.2]
2026-08-31 19:35:43,463 INFO EVAL-FAIL SJT: rank=0.600  reason=[momentum_rank=0.600<0.7 | vol_ratio=0.75<1.2]
2026-08-31 19:35:43,463 INFO EVAL-FAIL WHD: rank=0.571  reason=[momentum_rank=0.571<0.7 | above_5ma=+0.025]
2026-08-31 19:35:43,464 INFO EVAL-FAIL EGHT: rank=0.543  reason=[momentum_rank=0.543<0.7 | above_5ma=+0.012 | vol_ratio=0.99<1.2]
2026-08-31 19:35:43,464 INFO EVAL-FAIL DOMO: rank=0.514  reason=[momentum_rank=0.514<0.7 | above_5ma=+0.014 | vol_ratio=0.62<1.2]
2026-08-31 19:35:43,464 INFO EVAL-FAIL VET: rank=0.486  reason=[momentum_rank=0.486<0.7 | above_5ma=+0.002 | vol_ratio=0.80<1.2]
2026-08-31 19:35:43,464 INFO EVAL-FAIL PTLO: rank=0.457  reason=[momentum_rank=0.457<0.7 | vol_ratio=1.01<1.2]
2026-08-31 19:35:43,464 INFO EVAL-FAIL AGEN: rank=0.429  reason=[momentum_rank=0.429<0.7 | vol_ratio=0.56<1.2]
2026-08-31 19:35:43,464 INFO EVAL-FAIL INVA: rank=0.400  reason=[momentum_rank=0.400<0.7 | vol_ratio=0.80<1.2]
2026-08-31 19:35:43,464 INFO EVAL-FAIL FATE: rank=0.371  reason=[momentum_rank=0.371<0.7 | vol_ratio=0.34<1.2]
2026-08-31 19:35:43,464 INFO EVAL-FAIL JACK: rank=0.343  reason=[momentum_rank=0.343<0.7 | vol_ratio=0.48<1.2]
2026-08-31 19:35:43,464 INFO EVAL-FAIL IRWD: rank=0.314  reason=[momentum_rank=0.314<0.7 | vol_ratio=0.71<1.2]
2026-08-31 19:35:43,464 INFO EVAL-FAIL BMBL: rank=0.286  reason=[momentum_rank=0.286<0.7 | vol_ratio=0.29<1.2]
2026-08-31 19:35:43,465 INFO EVAL-FAIL HLIO: rank=0.257  reason=[momentum_rank=0.257<0.7 | vol_ratio=0.73<1.2]
2026-08-31 19:35:43,465 INFO EVAL-FAIL DIN: rank=0.229  reason=[momentum_rank=0.229<0.7 | vol_ratio=1.04<1.2]
2026-08-31 19:35:43,465 INFO EVAL-FAIL ANGI: rank=0.200  reason=[momentum_rank=0.200<0.7 | above_5ma=+0.032 | vol_ratio=0.94<1.2]
2026-08-31 19:35:43,465 INFO EVAL-FAIL DRVN: rank=0.171  reason=[momentum_rank=0.171<0.7 | vol_ratio=0.93<1.2]
2026-08-31 19:35:43,465 INFO EVAL-FAIL PLAY: rank=0.143  reason=[momentum_rank=0.143<0.7 | vol_ratio=1.00<1.2]
2026-08-31 19:35:43,465 INFO EVAL-FAIL TTGT: rank=0.114  reason=[momentum_rank=0.114<0.7 | above_5ma=+0.001 | vol_ratio=0.70<1.2]
2026-08-31 19:35:43,465 INFO EVAL-FAIL POWI: rank=0.086  reason=[momentum_rank=0.086<0.7 | vol_ratio=1.19<1.2]
2026-08-31 19:35:43,465 INFO EVAL-FAIL CATO: rank=0.057  reason=[momentum_rank=0.057<0.7 | vol_ratio=0.55<1.2]
2026-08-31 19:35:43,465 INFO EVAL-FAIL LESL: rank=0.029  reason=[momentum_rank=0.029<0.7 | vol_ratio=0.19<1.2]
2026-08-31 19:35:43,466 INFO --- 0 signals fired ---
2026-08-31 19:35:43,466 INFO 
--------------------------------------------------------------
  DATE         : 2026-08-31
  CASH         : $    9,171.36
  POSITION VAL : $        0.00
  EQUITY       : $    9,171.36
  OPEN POS     : 1 held  |  0 pending
  DAILY P&L    : $       +0.00
  TOTAL P&L    : $     +207.59  (-8.29%)
  TRADES TODAY : 0
--------------------------------------------------------------
