2026-09-04 17:00:02,774 INFO === Run: today=2026-09-04  signal_date=2026-09-03 ===
2026-09-04 17:00:02,774 INFO Fetching historical price data...
2026-09-04 17:00:07,644 INFO Using signal bar: 2026-09-03
2026-09-04 17:00:07,644 INFO Fetching today's opens for 35 tickers...
2026-09-04 17:00:08,422 INFO Got opens for 35 tickers.
2026-09-04 17:00:08,423 INFO --- Processing 0 pending entries ---
2026-09-04 17:00:08,423 INFO --- Checking exits for 2 open positions ---
2026-09-04 17:00:08,423 WARNING No H/L for CCRN on 2026-09-03 — skipping exit check
2026-09-04 17:00:08,423 INFO STOP    YEXT: low=6.40 <= stop=6.41
2026-09-04 17:00:08,423 INFO CLOSED  YEXT   [stop_loss]: 134.5740 sh @ $6.40  P&L=$-55.67 (-6.07%)  entry=$6.82
2026-09-04 17:00:08,423 INFO --- Generating signals for 2026-09-03 ---
2026-09-04 17:00:10,173 INFO --- Signal evaluation: 35 candidates ---
2026-09-04 17:00:10,173 INFO EVAL-FAIL NVAX: rank=1.000  reason=[above_5ma=+0.046 | vol_ratio=1.19<1.2]
2026-09-04 17:00:10,173 INFO EVAL-FAIL SM: rank=0.971  reason=[above_5ma=+0.001 | vol_ratio=1.09<1.2]
2026-09-04 17:00:10,173 INFO EVAL-FAIL NCNO: rank=0.943  reason=[above_5ma=+0.032 | vol_ratio=0.90<1.2]
2026-09-04 17:00:10,173 INFO EVAL-FAIL AMPY: rank=0.914  reason=[vol_ratio=0.47<1.2]
2026-09-04 17:00:10,173 INFO EVAL-FAIL VET: rank=0.886  reason=[above_5ma=+0.007 | vol_ratio=1.00<1.2]
2026-09-04 17:00:10,173 INFO EVAL-FAIL SJT: rank=0.857  reason=[above_5ma=+0.029 | vol_ratio=0.55<1.2]
2026-09-04 17:00:10,173 INFO EVAL-FAIL REI: rank=0.829  reason=[above_5ma=+0.011 | vol_ratio=0.82<1.2]
2026-09-04 17:00:10,174 INFO EVAL-PASS YEXT: rank=0.800  vol_ratio=1.68  pct_from_5ma=-0.030
2026-09-04 17:00:10,174 INFO EVAL-FAIL GPOR: rank=0.771  reason=[above_5ma=+0.009 | vol_ratio=0.84<1.2]
2026-09-04 17:00:10,174 INFO EVAL-FAIL AGEN: rank=0.743  reason=[above_5ma=+0.041 | vol_ratio=0.68<1.2]
2026-09-04 17:00:10,174 INFO EVAL-FAIL KELYA: rank=0.714  reason=[vol_ratio=0.83<1.2]
2026-09-04 17:00:10,174 INFO EVAL-FAIL DRVN: rank=0.686  reason=[momentum_rank=0.686<0.7 | above_5ma=+0.059]
2026-09-04 17:00:10,174 INFO EVAL-FAIL WHD: rank=0.657  reason=[momentum_rank=0.657<0.7 | above_5ma=+0.011]
2026-09-04 17:00:10,174 INFO EVAL-FAIL RMNI: rank=0.629  reason=[momentum_rank=0.629<0.7 | vol_ratio=1.10<1.2]
2026-09-04 17:00:10,174 INFO EVAL-FAIL MYGN: rank=0.600  reason=[momentum_rank=0.600<0.7 | above_5ma=+0.008 | vol_ratio=0.61<1.2]
2026-09-04 17:00:10,174 INFO EVAL-FAIL INVA: rank=0.571  reason=[momentum_rank=0.571<0.7 | above_5ma=+0.012 | vol_ratio=0.96<1.2]
2026-09-04 17:00:10,174 INFO EVAL-FAIL BMBL: rank=0.543  reason=[momentum_rank=0.543<0.7 | above_5ma=+0.036 | vol_ratio=1.07<1.2]
2026-09-04 17:00:10,174 INFO EVAL-FAIL IRWD: rank=0.514  reason=[momentum_rank=0.514<0.7 | above_5ma=+0.005 | vol_ratio=0.66<1.2]
2026-09-04 17:00:10,174 INFO EVAL-FAIL GSHD: rank=0.486  reason=[momentum_rank=0.486<0.7 | vol_ratio=1.05<1.2]
2026-09-04 17:00:10,174 INFO EVAL-FAIL PTLO: rank=0.457  reason=[momentum_rank=0.457<0.7 | vol_ratio=0.92<1.2]
2026-09-04 17:00:10,174 INFO EVAL-FAIL DOMO: rank=0.429  reason=[momentum_rank=0.429<0.7 | above_5ma=+0.008]
2026-09-04 17:00:10,175 INFO EVAL-FAIL ANGI: rank=0.400  reason=[momentum_rank=0.400<0.7 | above_5ma=+0.005]
2026-09-04 17:00:10,175 INFO EVAL-FAIL ACAD: rank=0.371  reason=[momentum_rank=0.371<0.7]
2026-09-04 17:00:10,175 INFO EVAL-FAIL TBI: rank=0.343  reason=[momentum_rank=0.343<0.7]
2026-09-04 17:00:10,175 INFO EVAL-FAIL FATE: rank=0.314  reason=[momentum_rank=0.314<0.7 | vol_ratio=0.45<1.2]
2026-09-04 17:00:10,175 INFO EVAL-FAIL PRAX: rank=0.286  reason=[momentum_rank=0.286<0.7 | above_5ma=+0.008 | vol_ratio=0.55<1.2]
2026-09-04 17:00:10,175 INFO EVAL-FAIL DIN: rank=0.257  reason=[momentum_rank=0.257<0.7 | vol_ratio=0.94<1.2]
2026-09-04 17:00:10,175 INFO EVAL-FAIL TTGT: rank=0.229  reason=[momentum_rank=0.229<0.7 | vol_ratio=0.43<1.2]
2026-09-04 17:00:10,175 INFO EVAL-FAIL HLIO: rank=0.200  reason=[momentum_rank=0.200<0.7 | above_5ma=+0.004]
2026-09-04 17:00:10,175 INFO EVAL-FAIL JACK: rank=0.171  reason=[momentum_rank=0.171<0.7 | vol_ratio=0.69<1.2]
2026-09-04 17:00:10,175 INFO EVAL-FAIL POWI: rank=0.143  reason=[momentum_rank=0.143<0.7 | vol_ratio=1.02<1.2]
2026-09-04 17:00:10,175 INFO EVAL-FAIL PLAY: rank=0.114  reason=[momentum_rank=0.114<0.7]
2026-09-04 17:00:10,175 INFO EVAL-FAIL EGHT: rank=0.086  reason=[momentum_rank=0.086<0.7 | above_5ma=+0.014]
2026-09-04 17:00:10,175 INFO EVAL-FAIL CATO: rank=0.057  reason=[momentum_rank=0.057<0.7 | vol_ratio=0.19<1.2]
2026-09-04 17:00:10,175 INFO EVAL-FAIL LESL: rank=0.029  reason=[momentum_rank=0.029<0.7 | above_5ma=+0.045 | vol_ratio=0.27<1.2]
2026-09-04 17:00:10,176 INFO --- 1 signals fired ---
2026-09-04 17:00:10,176 INFO SKIP-SIG YEXT: cooldown until 2026-09-15
2026-09-04 17:00:10,176 INFO 
--------------------------------------------------------------
  DATE         : 2026-09-04
  CASH         : $    9,113.91
  POSITION VAL : $        0.00
  EQUITY       : $    9,113.91
  OPEN POS     : 1 held  |  0 pending
  DAILY P&L    : $      -55.67
  TOTAL P&L    : $     +151.91  (-8.86%)
  TRADES TODAY : 1
--------------------------------------------------------------
