2026-10-08 19:23:27,737 INFO === Run: today=2026-10-08  signal_date=2026-10-07 ===
2026-10-08 19:23:27,737 INFO Fetching historical price data...
2026-10-08 19:23:30,930 ERROR HTTP Error 404: {"quoteSummary":{"result":null,"error":{"code":"Not Found","description":"Quote not found for symbol: CCRN"}}}
2026-10-08 19:23:31,029 ERROR $CCRN: possibly delisted; no timezone found
2026-10-08 19:23:31,263 ERROR HTTP Error 404: {"quoteSummary":{"result":null,"error":{"code":"Not Found","description":"Quote not found for symbol: CCRN"}}}
2026-10-08 19:23:31,309 ERROR $CCRN: possibly delisted; no timezone found
2026-10-08 19:23:31,309 ERROR 
1 Failed download:
2026-10-08 19:23:31,309 ERROR ['CCRN']: possibly delisted; no timezone found
2026-10-08 19:23:33,875 INFO Using signal bar: 2026-10-07
2026-10-08 19:23:33,875 INFO Fetching today's opens for 34 tickers...
2026-10-08 19:23:34,690 ERROR $LESL: possibly delisted; no price data found  (1d 2026-10-08 -> 2026-10-09)
2026-10-08 19:23:34,758 ERROR 
1 Failed download:
2026-10-08 19:23:34,758 ERROR ['LESL']: possibly delisted; no price data found  (1d 2026-10-08 -> 2026-10-09)
2026-10-08 19:23:34,772 INFO Got opens for 33 tickers.
2026-10-08 19:23:34,772 INFO --- Processing 0 pending entries ---
2026-10-08 19:23:34,772 INFO --- Checking exits for 1 open positions ---
2026-10-08 19:23:34,772 WARNING No H/L for CCRN on 2026-10-07 — skipping exit check
2026-10-08 19:23:34,772 INFO --- Generating signals for 2026-10-07 ---
2026-10-08 19:23:37,142 INFO --- Signal evaluation: 34 candidates ---
2026-10-08 19:23:37,142 INFO EVAL-FAIL MYGN: rank=1.000  reason=[vol_ratio=0.69<1.2]
2026-10-08 19:23:37,142 INFO EVAL-FAIL ANGI: rank=0.971  reason=[above_5ma=+0.016 | vol_ratio=0.95<1.2]
2026-10-08 19:23:37,142 INFO EVAL-FAIL SJT: rank=0.941  reason=[above_5ma=+0.012 | vol_ratio=1.09<1.2]
2026-10-08 19:23:37,142 INFO EVAL-FAIL EGHT: rank=0.912  reason=[vol_ratio=0.44<1.2]
2026-10-08 19:23:37,143 INFO EVAL-FAIL NVAX: rank=0.882  reason=[vol_ratio=1.15<1.2]
2026-10-08 19:23:37,143 INFO EVAL-FAIL AGEN: rank=0.853  reason=[vol_ratio=0.99<1.2]
2026-10-08 19:23:37,143 INFO EVAL-FAIL YEXT: rank=0.824  reason=[above_5ma=+0.005 | vol_ratio=0.59<1.2]
2026-10-08 19:23:37,143 INFO EVAL-FAIL POWI: rank=0.794  reason=[vol_ratio=0.57<1.2]
2026-10-08 19:23:37,143 INFO EVAL-FAIL TTGT: rank=0.765  reason=[above_5ma=+0.077]
2026-10-08 19:23:37,143 INFO EVAL-FAIL DIN: rank=0.735  reason=[vol_ratio=1.06<1.2]
2026-10-08 19:23:37,143 INFO EVAL-FAIL INVA: rank=0.706  reason=[above_5ma=+0.017 | vol_ratio=0.60<1.2]
2026-10-08 19:23:37,143 INFO EVAL-FAIL KELYA: rank=0.676  reason=[momentum_rank=0.676<0.7 | above_5ma=+0.001 | vol_ratio=0.84<1.2]
2026-10-08 19:23:37,143 INFO EVAL-FAIL TBI: rank=0.647  reason=[momentum_rank=0.647<0.7 | vol_ratio=0.59<1.2]
2026-10-08 19:23:37,143 INFO EVAL-FAIL HLIO: rank=0.618  reason=[momentum_rank=0.618<0.7]
2026-10-08 19:23:37,144 INFO EVAL-FAIL CATO: rank=0.588  reason=[momentum_rank=0.588<0.7 | vol_ratio=0.87<1.2]
2026-10-08 19:23:37,144 INFO EVAL-FAIL DRVN: rank=0.559  reason=[momentum_rank=0.559<0.7 | above_5ma=+0.001 | vol_ratio=0.61<1.2]
2026-10-08 19:23:37,144 INFO EVAL-FAIL SM: rank=0.529  reason=[momentum_rank=0.529<0.7 | above_5ma=+0.003 | vol_ratio=0.60<1.2]
2026-10-08 19:23:37,144 INFO EVAL-FAIL PTLO: rank=0.500  reason=[momentum_rank=0.500<0.7 | above_5ma=+0.043 | vol_ratio=0.96<1.2]
2026-10-08 19:23:37,144 INFO EVAL-FAIL IRWD: rank=0.471  reason=[momentum_rank=0.471<0.7 | above_5ma=+0.017 | vol_ratio=0.93<1.2]
2026-10-08 19:23:37,144 INFO EVAL-FAIL GPOR: rank=0.441  reason=[momentum_rank=0.441<0.7 | above_5ma=+0.027 | vol_ratio=0.84<1.2]
2026-10-08 19:23:37,144 INFO EVAL-FAIL AMPY: rank=0.412  reason=[momentum_rank=0.412<0.7 | above_5ma=+0.009 | vol_ratio=0.89<1.2]
2026-10-08 19:23:37,144 INFO EVAL-FAIL WHD: rank=0.382  reason=[momentum_rank=0.382<0.7 | vol_ratio=0.57<1.2]
2026-10-08 19:23:37,144 INFO EVAL-FAIL REI: rank=0.353  reason=[momentum_rank=0.353<0.7 | above_5ma=+0.002 | vol_ratio=0.61<1.2]
2026-10-08 19:23:37,144 INFO EVAL-FAIL RMNI: rank=0.324  reason=[momentum_rank=0.324<0.7 | vol_ratio=0.53<1.2]
2026-10-08 19:23:37,145 INFO EVAL-FAIL FATE: rank=0.294  reason=[momentum_rank=0.294<0.7 | vol_ratio=0.53<1.2]
2026-10-08 19:23:37,145 INFO EVAL-FAIL NCNO: rank=0.265  reason=[momentum_rank=0.265<0.7 | vol_ratio=0.83<1.2]
2026-10-08 19:23:37,145 INFO EVAL-FAIL VET: rank=0.235  reason=[momentum_rank=0.235<0.7 | vol_ratio=0.65<1.2]
2026-10-08 19:23:37,145 INFO EVAL-FAIL BMBL: rank=0.206  reason=[momentum_rank=0.206<0.7 | vol_ratio=0.99<1.2]
2026-10-08 19:23:37,145 INFO EVAL-FAIL JACK: rank=0.176  reason=[momentum_rank=0.176<0.7 | vol_ratio=0.66<1.2]
2026-10-08 19:23:37,145 INFO EVAL-FAIL PRAX: rank=0.147  reason=[momentum_rank=0.147<0.7 | vol_ratio=0.91<1.2]
2026-10-08 19:23:37,145 INFO EVAL-FAIL PLAY: rank=0.118  reason=[momentum_rank=0.118<0.7 | vol_ratio=0.51<1.2]
2026-10-08 19:23:37,145 INFO EVAL-FAIL GSHD: rank=0.088  reason=[momentum_rank=0.088<0.7 | vol_ratio=0.72<1.2]
2026-10-08 19:23:37,145 INFO EVAL-FAIL ACAD: rank=0.059  reason=[momentum_rank=0.059<0.7 | vol_ratio=0.74<1.2]
2026-10-08 19:23:37,145 INFO EVAL-FAIL LESL: rank=0.029  reason=[momentum_rank=0.029<0.7 | vol_ratio=0.05<1.2]
2026-10-08 19:23:37,146 INFO --- 0 signals fired ---
2026-10-08 19:23:37,147 INFO 
--------------------------------------------------------------
  DATE         : 2026-10-08
  CASH         : $    8,834.92
  POSITION VAL : $        0.00
  EQUITY       : $    8,834.92
  OPEN POS     : 1 held  |  0 pending
  DAILY P&L    : $       +0.00
  TOTAL P&L    : $     -105.63  (-11.65%)
  TRADES TODAY : 0
--------------------------------------------------------------
