2026-08-05 15:40:57,747 INFO === Run: today=2026-08-05  signal_date=2026-08-04 ===
2026-08-05 15:40:57,748 INFO Fetching historical price data...
2026-08-05 15:41:02,803 INFO Using signal bar: 2026-08-04
2026-08-05 15:41:02,803 INFO Fetching today's opens for 34 tickers...
2026-08-05 15:41:03,897 INFO Got opens for 34 tickers.
2026-08-05 15:41:03,897 INFO --- Processing 1 pending entries ---
2026-08-05 15:41:03,897 INFO FILLED  TTGT  : 207.6094 sh @ $4.40  cost=$915.08  slip=$0.69
2026-08-05 15:41:03,897 INFO --- Checking exits for 6 open positions ---
2026-08-05 15:41:03,897 WARNING No H/L for CCRN on 2026-08-04 — skipping exit check
2026-08-05 15:41:03,897 INFO HOLD    VET: close=11.04  entry=11.56  peak=11.92  stop=10.87  tp=13.29
2026-08-05 15:41:03,898 INFO TRAIL   GSHD: low=64.98 <= trail=66.09 (peak=68.84)
2026-08-05 15:41:03,898 INFO HOLD    KELYA: close=15.23  entry=14.99  peak=15.26  stop=14.09  tp=17.24
2026-08-05 15:41:03,898 INFO HOLD    RMNI: close=4.92  entry=4.75  peak=4.94  stop=4.47  tp=5.47
2026-08-05 15:41:03,898 INFO HOLD    TTGT: just entered today
2026-08-05 15:41:03,898 INFO CLOSED  GSHD   [trailing_stop]: 14.5140 sh @ $66.04  P&L=$+49.64 (+5.46%)  entry=$62.62
2026-08-05 15:41:03,898 INFO --- Generating signals for 2026-08-04 ---
2026-08-05 15:41:06,300 INFO --- Signal evaluation: 34 candidates ---
2026-08-05 15:41:06,300 INFO EVAL-FAIL WHD: rank=1.000  reason=[above_5ma=+0.083]
2026-08-05 15:41:06,300 INFO EVAL-FAIL GSHD: rank=0.971  reason=[above_5ma=+0.036 | vol_ratio=0.94<1.2]
2026-08-05 15:41:06,301 INFO EVAL-FAIL VET: rank=0.941  reason=[vol_ratio=1.08<1.2]
2026-08-05 15:41:06,301 INFO EVAL-FAIL TTGT: rank=0.912  reason=[vol_ratio=0.98<1.2]
2026-08-05 15:41:06,301 INFO EVAL-FAIL EGHT: rank=0.882  reason=[above_5ma=+0.118]
2026-08-05 15:41:06,301 INFO EVAL-FAIL REI: rank=0.853  reason=[above_5ma=+0.015 | vol_ratio=0.94<1.2]
2026-08-05 15:41:06,301 INFO EVAL-FAIL KELYA: rank=0.824  reason=[above_5ma=+0.003 | vol_ratio=0.71<1.2]
2026-08-05 15:41:06,301 INFO EVAL-FAIL YEXT: rank=0.794  reason=[above_5ma=+0.017 | vol_ratio=0.69<1.2]
2026-08-05 15:41:06,301 INFO EVAL-FAIL SM: rank=0.765  reason=[vol_ratio=0.86<1.2]
2026-08-05 15:41:06,301 INFO EVAL-FAIL JACK: rank=0.735  reason=[above_5ma=+0.035 | vol_ratio=0.98<1.2]
2026-08-05 15:41:06,301 INFO EVAL-FAIL NCNO: rank=0.706  reason=[above_5ma=+0.033 | vol_ratio=0.83<1.2]
2026-08-05 15:41:06,301 INFO EVAL-FAIL DOMO: rank=0.676  reason=[momentum_rank=0.676<0.7 | above_5ma=+0.023 | vol_ratio=0.47<1.2]
2026-08-05 15:41:06,302 INFO EVAL-FAIL ACAD: rank=0.647  reason=[momentum_rank=0.647<0.7 | above_5ma=+0.032]
2026-08-05 15:41:06,302 INFO EVAL-FAIL RMNI: rank=0.618  reason=[momentum_rank=0.618<0.7 | above_5ma=+0.009]
2026-08-05 15:41:06,302 INFO EVAL-FAIL BMBL: rank=0.588  reason=[momentum_rank=0.588<0.7 | above_5ma=+0.065]
2026-08-05 15:41:06,302 INFO EVAL-FAIL HLIO: rank=0.559  reason=[momentum_rank=0.559<0.7 | above_5ma=+0.039 | vol_ratio=1.14<1.2]
2026-08-05 15:41:06,302 INFO EVAL-FAIL CATO: rank=0.529  reason=[momentum_rank=0.529<0.7 | vol_ratio=0.67<1.2]
2026-08-05 15:41:06,302 INFO EVAL-FAIL AMPY: rank=0.500  reason=[momentum_rank=0.500<0.7 | above_5ma=+0.022 | vol_ratio=1.03<1.2]
2026-08-05 15:41:06,302 INFO EVAL-FAIL PLAY: rank=0.471  reason=[momentum_rank=0.471<0.7]
2026-08-05 15:41:06,302 INFO EVAL-FAIL DIN: rank=0.441  reason=[momentum_rank=0.441<0.7]
2026-08-05 15:41:06,302 INFO EVAL-FAIL DRVN: rank=0.412  reason=[momentum_rank=0.412<0.7 | above_5ma=+0.017 | vol_ratio=1.10<1.2]
2026-08-05 15:41:06,302 INFO EVAL-FAIL POWI: rank=0.382  reason=[momentum_rank=0.382<0.7 | above_5ma=+0.065 | vol_ratio=1.06<1.2]
2026-08-05 15:41:06,303 INFO EVAL-FAIL ANGI: rank=0.353  reason=[momentum_rank=0.353<0.7 | above_5ma=+0.050 | vol_ratio=1.13<1.2]
2026-08-05 15:41:06,303 INFO EVAL-FAIL IRWD: rank=0.324  reason=[momentum_rank=0.324<0.7 | above_5ma=+0.064]
2026-08-05 15:41:06,303 INFO EVAL-FAIL TBI: rank=0.294  reason=[momentum_rank=0.294<0.7 | above_5ma=+0.037 | vol_ratio=0.99<1.2]
2026-08-05 15:41:06,303 INFO EVAL-FAIL PRAX: rank=0.265  reason=[momentum_rank=0.265<0.7 | above_5ma=+0.018 | vol_ratio=0.98<1.2]
2026-08-05 15:41:06,303 INFO EVAL-FAIL PTLO: rank=0.235  reason=[momentum_rank=0.235<0.7 | vol_ratio=1.20<1.2]
2026-08-05 15:41:06,303 INFO EVAL-FAIL INVA: rank=0.206  reason=[momentum_rank=0.206<0.7 | vol_ratio=0.73<1.2]
2026-08-05 15:41:06,303 INFO EVAL-FAIL GPOR: rank=0.176  reason=[momentum_rank=0.176<0.7]
2026-08-05 15:41:06,303 INFO EVAL-FAIL FATE: rank=0.147  reason=[momentum_rank=0.147<0.7 | above_5ma=+0.037]
2026-08-05 15:41:06,303 INFO EVAL-FAIL SJT: rank=0.118  reason=[momentum_rank=0.118<0.7 | vol_ratio=1.17<1.2]
2026-08-05 15:41:06,304 INFO EVAL-FAIL NVAX: rank=0.088  reason=[momentum_rank=0.088<0.7 | above_5ma=+0.030 | vol_ratio=1.07<1.2]
2026-08-05 15:41:06,304 INFO EVAL-FAIL MYGN: rank=0.059  reason=[momentum_rank=0.059<0.7]
2026-08-05 15:41:06,304 INFO EVAL-FAIL LESL: rank=0.029  reason=[momentum_rank=0.029<0.7 | above_5ma=+0.292 | vol_ratio=1.10<1.2]
2026-08-05 15:41:06,304 INFO --- 0 signals fired ---
2026-08-05 15:41:06,305 INFO 
--------------------------------------------------------------
  DATE         : 2026-08-05
  CASH         : $    5,492.06
  POSITION VAL : $    3,648.68
  EQUITY       : $    9,140.74
  OPEN POS     : 5 held  |  0 pending
  DAILY P&L    : $      +49.64
  TOTAL P&L    : $     +168.59  (-8.59%)
  TRADES TODAY : 2
--------------------------------------------------------------
