2026-07-28 15:52:34,894 INFO === Run: today=2026-07-28  signal_date=2026-07-27 ===
2026-07-28 15:52:34,895 INFO Fetching historical price data...
2026-07-28 15:52:40,211 INFO Using signal bar: 2026-07-27
2026-07-28 15:52:40,211 INFO Fetching today's opens for 34 tickers...
2026-07-28 15:52:41,093 INFO Got opens for 34 tickers.
2026-07-28 15:52:41,093 INFO --- Processing 0 pending entries ---
2026-07-28 15:52:41,094 INFO --- Checking exits for 1 open positions ---
2026-07-28 15:52:41,094 WARNING No H/L for CCRN on 2026-07-27 — skipping exit check
2026-07-28 15:52:41,094 INFO --- Generating signals for 2026-07-27 ---
2026-07-28 15:52:43,564 INFO --- Signal evaluation: 8 candidates ---
2026-07-28 15:52:43,565 INFO EVAL-FAIL DOMO: rank=0.912  reason=[above_5ma=+0.003 | vol_ratio=0.66<1.2]
2026-07-28 15:52:43,565 INFO EVAL-FAIL FATE: rank=0.882  reason=[vol_ratio=0.17<1.2]
2026-07-28 15:52:43,565 INFO EVAL-FAIL SM: rank=0.853  reason=[vol_ratio=0.98<1.2]
2026-07-28 15:52:43,565 INFO EVAL-FAIL JACK: rank=0.794  reason=[above_5ma=+0.073 | vol_ratio=0.77<1.2]
2026-07-28 15:52:43,565 INFO EVAL-FAIL REI: rank=0.706  reason=[vol_ratio=0.49<1.2]
2026-07-28 15:52:43,565 INFO EVAL-FAIL BMBL: rank=0.441  reason=[momentum_rank=0.441<0.7 | above_5ma=+0.039 | vol_ratio=0.94<1.2]
2026-07-28 15:52:43,565 INFO EVAL-FAIL NVAX: rank=0.088  reason=[momentum_rank=0.088<0.7 | vol_ratio=0.97<1.2]
2026-07-28 15:52:43,565 INFO EVAL-FAIL LESL: rank=0.029  reason=[momentum_rank=0.029<0.7 | vol_ratio=0.42<1.2]
2026-07-28 15:52:43,566 INFO --- 0 signals fired ---
2026-07-28 15:52:43,566 INFO 
--------------------------------------------------------------
  DATE         : 2026-07-28
  CASH         : $    9,093.77
  POSITION VAL : $        0.00
  EQUITY       : $    9,093.77
  OPEN POS     : 1 held  |  0 pending
  DAILY P&L    : $       +0.00
  TOTAL P&L    : $     +118.96  (-9.06%)
  TRADES TODAY : 0
--------------------------------------------------------------
