2026-09-09 17:14:38,276 INFO === Run: today=2026-09-09  signal_date=2026-09-08 ===
2026-09-09 17:14:38,277 INFO Fetching historical price data...
2026-09-09 17:14:43,678 INFO Using signal bar: 2026-09-08
2026-09-09 17:14:43,678 INFO Fetching today's opens for 35 tickers...
2026-09-09 17:14:44,546 INFO Got opens for 35 tickers.
2026-09-09 17:14:44,546 INFO --- Processing 0 pending entries ---
2026-09-09 17:14:44,546 INFO --- Checking exits for 1 open positions ---
2026-09-09 17:14:44,547 WARNING No H/L for CCRN on 2026-09-08 — skipping exit check
2026-09-09 17:14:44,547 INFO --- Generating signals for 2026-09-08 ---
2026-09-09 17:14:46,275 INFO --- Signal evaluation: 35 candidates ---
2026-09-09 17:14:46,275 INFO EVAL-FAIL NVAX: rank=1.000  reason=[vol_ratio=0.80<1.2]
2026-09-09 17:14:46,275 INFO EVAL-FAIL SM: rank=0.971  reason=[above_5ma=+0.007]
2026-09-09 17:14:46,275 INFO EVAL-FAIL AMPY: rank=0.943  reason=[vol_ratio=0.58<1.2]
2026-09-09 17:14:46,276 INFO EVAL-FAIL SJT: rank=0.914  reason=[above_5ma=+0.048]
2026-09-09 17:14:46,276 INFO EVAL-FAIL NCNO: rank=0.886  reason=[vol_ratio=0.75<1.2]
2026-09-09 17:14:46,276 INFO EVAL-FAIL VET: rank=0.857  reason=[vol_ratio=0.73<1.2]
2026-09-09 17:14:46,276 INFO EVAL-FAIL REI: rank=0.829  reason=[above_5ma=+0.011]
2026-09-09 17:14:46,276 INFO EVAL-FAIL YEXT: rank=0.800  reason=[vol_ratio=1.19<1.2]
2026-09-09 17:14:46,276 INFO EVAL-FAIL GPOR: rank=0.771  reason=[vol_ratio=1.17<1.2]
2026-09-09 17:14:46,276 INFO EVAL-FAIL BMBL: rank=0.743  reason=[above_5ma=+0.025 | vol_ratio=1.04<1.2]
2026-09-09 17:14:46,276 INFO EVAL-FAIL AGEN: rank=0.714  reason=[vol_ratio=1.16<1.2]
2026-09-09 17:14:46,276 INFO EVAL-FAIL DRVN: rank=0.686  reason=[momentum_rank=0.686<0.7 | above_5ma=+0.001 | vol_ratio=1.13<1.2]
2026-09-09 17:14:46,276 INFO EVAL-FAIL TTGT: rank=0.657  reason=[momentum_rank=0.657<0.7 | above_5ma=+0.040 | vol_ratio=0.95<1.2]
2026-09-09 17:14:46,276 INFO EVAL-FAIL INVA: rank=0.629  reason=[momentum_rank=0.629<0.7 | above_5ma=+0.002]
2026-09-09 17:14:46,276 INFO EVAL-FAIL IRWD: rank=0.600  reason=[momentum_rank=0.600<0.7]
2026-09-09 17:14:46,276 INFO EVAL-FAIL KELYA: rank=0.571  reason=[momentum_rank=0.571<0.7 | vol_ratio=0.82<1.2]
2026-09-09 17:14:46,276 INFO EVAL-FAIL ANGI: rank=0.543  reason=[momentum_rank=0.543<0.7 | vol_ratio=1.03<1.2]
2026-09-09 17:14:46,277 INFO EVAL-FAIL PTLO: rank=0.514  reason=[momentum_rank=0.514<0.7 | vol_ratio=0.70<1.2]
2026-09-09 17:14:46,277 INFO EVAL-FAIL WHD: rank=0.486  reason=[momentum_rank=0.486<0.7 | vol_ratio=0.64<1.2]
2026-09-09 17:14:46,277 INFO EVAL-FAIL MYGN: rank=0.457  reason=[momentum_rank=0.457<0.7 | vol_ratio=0.78<1.2]
2026-09-09 17:14:46,277 INFO EVAL-FAIL RMNI: rank=0.429  reason=[momentum_rank=0.429<0.7]
2026-09-09 17:14:46,277 INFO EVAL-FAIL GSHD: rank=0.400  reason=[momentum_rank=0.400<0.7 | vol_ratio=1.05<1.2]
2026-09-09 17:14:46,277 INFO EVAL-FAIL PRAX: rank=0.371  reason=[momentum_rank=0.371<0.7 | vol_ratio=0.75<1.2]
2026-09-09 17:14:46,277 INFO EVAL-FAIL DOMO: rank=0.343  reason=[momentum_rank=0.343<0.7 | above_5ma=+0.015]
2026-09-09 17:14:46,277 INFO EVAL-FAIL ACAD: rank=0.314  reason=[momentum_rank=0.314<0.7 | vol_ratio=1.03<1.2]
2026-09-09 17:14:46,277 INFO EVAL-FAIL FATE: rank=0.286  reason=[momentum_rank=0.286<0.7 | above_5ma=+0.018]
2026-09-09 17:14:46,277 INFO EVAL-FAIL PLAY: rank=0.257  reason=[momentum_rank=0.257<0.7 | above_5ma=+0.004 | vol_ratio=0.97<1.2]
2026-09-09 17:14:46,277 INFO EVAL-FAIL TBI: rank=0.229  reason=[momentum_rank=0.229<0.7 | vol_ratio=1.20<1.2]
2026-09-09 17:14:46,277 INFO EVAL-FAIL HLIO: rank=0.200  reason=[momentum_rank=0.200<0.7 | above_5ma=+0.003 | vol_ratio=0.82<1.2]
2026-09-09 17:14:46,277 INFO EVAL-FAIL DIN: rank=0.171  reason=[momentum_rank=0.171<0.7 | vol_ratio=1.15<1.2]
2026-09-09 17:14:46,277 INFO EVAL-FAIL JACK: rank=0.143  reason=[momentum_rank=0.143<0.7 | vol_ratio=0.73<1.2]
2026-09-09 17:14:46,278 INFO EVAL-FAIL EGHT: rank=0.114  reason=[momentum_rank=0.114<0.7]
2026-09-09 17:14:46,278 INFO EVAL-FAIL POWI: rank=0.086  reason=[momentum_rank=0.086<0.7 | above_5ma=+0.003 | vol_ratio=0.78<1.2]
2026-09-09 17:14:46,278 INFO EVAL-FAIL CATO: rank=0.057  reason=[momentum_rank=0.057<0.7 | vol_ratio=0.45<1.2]
2026-09-09 17:14:46,278 INFO EVAL-FAIL LESL: rank=0.029  reason=[momentum_rank=0.029<0.7 | above_5ma=+0.008 | vol_ratio=0.17<1.2]
2026-09-09 17:14:46,278 INFO --- 0 signals fired ---
2026-09-09 17:14:46,279 INFO 
--------------------------------------------------------------
  DATE         : 2026-09-09
  CASH         : $    9,113.91
  POSITION VAL : $        0.00
  EQUITY       : $    9,113.91
  OPEN POS     : 1 held  |  0 pending
  DAILY P&L    : $       +0.00
  TOTAL P&L    : $     +151.91  (-8.86%)
  TRADES TODAY : 0
--------------------------------------------------------------
